Component: ARM Compiler 5.05 update 1 (build 106) Tool: armlink [4d0efa]

==============================================================================

Section Cross References

    system_stm32f4xx.o(i.SystemCoreClockUpdate) refers to system_stm32f4xx.o(.data) for .data
    system_stm32f4xx.o(i.SystemCoreClockUpdate) refers to system_stm32f4xx.o(.constdata) for .constdata
    startup_stm32f427xx.o(RESET) refers to startup_stm32f427xx.o(STACK) for __initial_sp
    startup_stm32f427xx.o(RESET) refers to startup_stm32f427xx.o(.text) for Reset_Handler
    startup_stm32f427xx.o(RESET) refers to stm32f4xx_it.o(i.NMI_Handler) for NMI_Handler
    startup_stm32f427xx.o(RESET) refers to stm32f4xx_it.o(i.HardFault_Handler) for HardFault_Handler
    startup_stm32f427xx.o(RESET) refers to stm32f4xx_it.o(i.MemManage_Handler) for MemManage_Handler
    startup_stm32f427xx.o(RESET) refers to stm32f4xx_it.o(i.BusFault_Handler) for BusFault_Handler
    startup_stm32f427xx.o(RESET) refers to stm32f4xx_it.o(i.UsageFault_Handler) for UsageFault_Handler
    startup_stm32f427xx.o(RESET) refers to port.o(.emb_text) for SVC_Handler
    startup_stm32f427xx.o(RESET) refers to stm32f4xx_it.o(i.DebugMon_Handler) for DebugMon_Handler
    startup_stm32f427xx.o(RESET) refers to stm32f4xx_it.o(i.SysTick_Handler) for SysTick_Handler
    startup_stm32f427xx.o(RESET) refers to stm32f4xx_it.o(i.EXTI1_IRQHandler) for EXTI1_IRQHandler
    startup_stm32f427xx.o(RESET) refers to stm32f4xx_it.o(i.EXTI2_IRQHandler) for EXTI2_IRQHandler
    startup_stm32f427xx.o(RESET) refers to stm32f4xx_it.o(i.EXTI3_IRQHandler) for EXTI3_IRQHandler
    startup_stm32f427xx.o(RESET) refers to stm32f4xx_it.o(i.EXTI4_IRQHandler) for EXTI4_IRQHandler
    startup_stm32f427xx.o(RESET) refers to stm32f4xx_it.o(i.CAN1_TX_IRQHandler) for CAN1_TX_IRQHandler
    startup_stm32f427xx.o(RESET) refers to stm32f4xx_it.o(i.CAN1_RX0_IRQHandler) for CAN1_RX0_IRQHandler
    startup_stm32f427xx.o(RESET) refers to stm32f4xx_it.o(i.EXTI9_5_IRQHandler) for EXTI9_5_IRQHandler
    startup_stm32f427xx.o(RESET) refers to stm32f4xx_it.o(i.USART2_IRQHandler) for USART2_IRQHandler
    startup_stm32f427xx.o(RESET) refers to stm32f4xx_it.o(i.USART3_IRQHandler) for USART3_IRQHandler
    startup_stm32f427xx.o(RESET) refers to stm32f4xx_it.o(i.EXTI15_10_IRQHandler) for EXTI15_10_IRQHandler
    startup_stm32f427xx.o(RESET) refers to stm32f4xx_it.o(i.TIM6_DAC_IRQHandler) for TIM6_DAC_IRQHandler
    startup_stm32f427xx.o(RESET) refers to stm32f4xx_it.o(i.DMA2_Stream2_IRQHandler) for DMA2_Stream2_IRQHandler
    startup_stm32f427xx.o(RESET) refers to stm32f4xx_it.o(i.CAN2_TX_IRQHandler) for CAN2_TX_IRQHandler
    startup_stm32f427xx.o(RESET) refers to stm32f4xx_it.o(i.CAN2_RX0_IRQHandler) for CAN2_RX0_IRQHandler
    startup_stm32f427xx.o(RESET) refers to stm32f4xx_it.o(i.OTG_FS_IRQHandler) for OTG_FS_IRQHandler
    startup_stm32f427xx.o(RESET) refers to stm32f4xx_it.o(i.USART6_IRQHandler) for USART6_IRQHandler
    startup_stm32f427xx.o(.text) refers to system_stm32f4xx.o(i.SystemInit) for SystemInit
    startup_stm32f427xx.o(.text) refers to entry.o(.ARM.Collect$$$$00000000) for __main
    stm32f4xx_hal_dma.o(i.DMA_CalcBaseAndBitshift) refers to stm32f4xx_hal_dma.o(.constdata) for .constdata
    stm32f4xx_hal_dma.o(i.HAL_DMA_Abort) refers to stm32f4xx_hal.o(i.HAL_GetTick) for HAL_GetTick
    stm32f4xx_hal_dma.o(i.HAL_DMA_DeInit) refers to stm32f4xx_hal_dma.o(i.DMA_CalcBaseAndBitshift) for DMA_CalcBaseAndBitshift
    stm32f4xx_hal_dma.o(i.HAL_DMA_IRQHandler) refers to system_stm32f4xx.o(.data) for SystemCoreClock
    stm32f4xx_hal_dma.o(i.HAL_DMA_Init) refers to stm32f4xx_hal.o(i.HAL_GetTick) for HAL_GetTick
    stm32f4xx_hal_dma.o(i.HAL_DMA_Init) refers to stm32f4xx_hal_dma.o(i.DMA_CheckFifoParam) for DMA_CheckFifoParam
    stm32f4xx_hal_dma.o(i.HAL_DMA_Init) refers to stm32f4xx_hal_dma.o(i.DMA_CalcBaseAndBitshift) for DMA_CalcBaseAndBitshift
    stm32f4xx_hal_dma.o(i.HAL_DMA_PollForTransfer) refers to stm32f4xx_hal.o(i.HAL_GetTick) for HAL_GetTick
    stm32f4xx_hal_dma.o(i.HAL_DMA_PollForTransfer) refers to stm32f4xx_hal_dma.o(i.HAL_DMA_Abort) for HAL_DMA_Abort
    stm32f4xx_hal_dma.o(i.HAL_DMA_Start) refers to stm32f4xx_hal_dma.o(i.DMA_SetConfig) for DMA_SetConfig
    stm32f4xx_hal_dma.o(i.HAL_DMA_Start_IT) refers to stm32f4xx_hal_dma.o(i.DMA_SetConfig) for DMA_SetConfig
    stm32f4xx_hal_cortex.o(i.HAL_NVIC_SetPriority) refers to stm32f4xx_hal_cortex.o(i.NVIC_SetPriority) for NVIC_SetPriority
    stm32f4xx_hal_cortex.o(i.HAL_SYSTICK_Config) refers to stm32f4xx_hal_cortex.o(i.NVIC_SetPriority) for NVIC_SetPriority
    stm32f4xx_hal_cortex.o(i.HAL_SYSTICK_IRQHandler) refers to stm32f4xx_hal_cortex.o(i.HAL_SYSTICK_Callback) for HAL_SYSTICK_Callback
    stm32f4xx_hal_uart.o(i.HAL_HalfDuplex_Init) refers to usart.o(i.HAL_UART_MspInit) for HAL_UART_MspInit
    stm32f4xx_hal_uart.o(i.HAL_HalfDuplex_Init) refers to stm32f4xx_hal_uart.o(i.UART_SetConfig) for UART_SetConfig
[...]
    xQueueGenericSend                        0x0800bbbd   Thumb Code   346  queue.o(i.xQueueGenericSend)
    xQueueGiveFromISR                        0x0800bd1d   Thumb Code   156  queue.o(i.xQueueGiveFromISR)
    xQueueReceiveFromISR                     0x0800bdb9   Thumb Code   154  queue.o(i.xQueueReceiveFromISR)
    xTaskCheckForTimeOut                     0x0800be55   Thumb Code   102  tasks.o(i.xTaskCheckForTimeOut)
    xTaskCreate                              0x0800bec1   Thumb Code    86  tasks.o(i.xTaskCreate)
    xTaskGetSchedulerState                   0x0800bf19   Thumb Code    22  tasks.o(i.xTaskGetSchedulerState)
    xTaskIncrementTick                       0x0800bf35   Thumb Code   192  tasks.o(i.xTaskIncrementTick)
    xTaskPriorityDisinherit                  0x0800bffd   Thumb Code   144  tasks.o(i.xTaskPriorityDisinherit)
    xTaskRemoveFromEventList                 0x0800c095   Thumb Code   108  tasks.o(i.xTaskRemoveFromEventList)
    xTaskResumeAll                           0x0800c109   Thumb Code   182  tasks.o(i.xTaskResumeAll)
    zykProcessData                           0x0800c1cd   Thumb Code   932  tasks_upper.o(i.zykProcessData)
    zykReceiveData                           0x0800c6e9   Thumb Code    74  drivers_uartupper.o(i.zykReceiveData)
    AHBPrescTable                            0x0800c73c   Data          16  system_stm32f4xx.o(.constdata)
    APBPrescTable                            0x0800c74c   Data           8  system_stm32f4xx.o(.constdata)
    myCRC8_TAB                               0x0800c874   Data         256  drivers_uart_judge.o(.constdata)
    mywCRC_Table                             0x0800c974   Data         512  drivers_uart_judge.o(.constdata)
    __mathlib_zero                           0x0800cc60   Data           8  qnan.o(.constdata)
    __ctype_categories                       0x0800cc68   Data          64  ctype_c.o(.constdata)
    Region$$Table$$Base                      0x0800cda0   Number         0  anon$$obj.o(Region$$Table)
    Region$$Table$$Limit                     0x0800cdc0   Number         0  anon$$obj.o(Region$$Table)
    SystemCoreClock                          0x20000000   Data           4  system_stm32f4xx.o(.data)
    uwTick                                   0x20000004   Data           4  stm32f4xx_hal.o(.data)
    pxCurrentTCB                             0x2000002c   Data           4  tasks.o(.data)
    USBD_CDC_CfgHSDesc                       0x20000078   Data          67  usbd_cdc.o(.data)
    USBD_CDC_CfgFSDesc                       0x200000bc   Data          67  usbd_cdc.o(.data)
    USBD_CDC_OtherSpeedCfgDesc               0x20000100   Data          67  usbd_cdc.o(.data)
    USBD_CDC                                 0x20000144   Data          56  usbd_cdc.o(.data)
    defaultTaskHandle                        0x20000180   Data           4  freertos.o(.data)
    USBD_Interface_fops_FS                   0x20000184   Data          16  usbd_cdc_if.o(.data)
    UserRxBufferFS                           0x20000194   Data           4  usbd_cdc_if.o(.data)
    UserTxBufferFS                           0x20000198   Data           4  usbd_cdc_if.o(.data)
    FS_Desc                                  0x2000019c   Data          28  usbd_desc.o(.data)
    USBD_LangIDDesc                          0x200001b8   Data           4  usbd_desc.o(.data)
    USBD_FS_DeviceDesc                       0x200001bc   Data          18  usbd_desc.o(.data)
    isInited                                 0x200001d4   Data           1  rtos_init.o(.data)
    CMGMCanHaveTransmitSemaphoreHandle       0x200001d8   Data           4  rtos_semaphore.o(.data)
    AMCanHaveTransmitSemaphoreHandle         0x200001dc   Data           4  rtos_semaphore.o(.data)
    CMGMCanTransmitSemaphoreHandle           0x200001e0   Data           4  rtos_semaphore.o(.data)
    AMCanTransmitSemaphoreHandle             0x200001e4   Data           4  rtos_semaphore.o(.data)
    motorCanReceiveSemaphoreHandle           0x200001e8   Data           4  rtos_semaphore.o(.data)
    CMGMCanRefreshSemaphoreHandle            0x200001ec   Data           4  rtos_semaphore.o(.data)
    AMCanRefreshSemaphoreHandle              0x200001f0   Data           4  rtos_semaphore.o(.data)
    imurefreshGimbalSemaphoreHandle          0x200001f4   Data           4  rtos_semaphore.o(.data)
    refreshMPU6500SemaphoreHandle            0x200001f8   Data           4  rtos_semaphore.o(.data)
    refreshIMUSemaphoreHandle                0x200001fc   Data           4  rtos_semaphore.o(.data)
    ledGreenTaskHandle                       0x20000200   Data           4  rtos_task.o(.data)
    ledRedTaskHandle                         0x20000204   Data           4  rtos_task.o(.data)
    buzzerTaskHandle                         0x20000208   Data           4  rtos_task.o(.data)
    printIMUTaskHandle                       0x2000020c   Data           4  rtos_task.o(.data)
    getCtrlUartTaskHandle                    0x20000210   Data           4  rtos_task.o(.data)
    CMGMControlTaskHandle                    0x20000214   Data           4  rtos_task.o(.data)
    AMControlTaskHandle                      0x20000218   Data           4  rtos_task.o(.data)
    CMGMCanTransmitTaskHandle                0x2000021c   Data           4  rtos_task.o(.data)
    AMCanTransmitTaskHandle                  0x20000220   Data           4  rtos_task.o(.data)
    sonarTaskHandle                          0x20000224   Data           4  rtos_task.o(.data)
    updateQuaternionTaskHandle               0x20000228   Data           4  rtos_task.o(.data)
    basePatrolTaskHandle                     0x2000022c   Data           4  rtos_task.o(.data)
    timeMicros                               0x20000230   Data           8  utilities_tim.o(.data)
    ledGreenStatus                           0x20000238   Data           1  drivers_led.o(.data)
    ledRedStatus                             0x20000239   Data           1  drivers_led.o(.data)
    MPU_id                                   0x2000023c   Data           1  drivers_imu.o(.data)
    datasc                                   0x2000023d   Data           1  drivers_imu.o(.data)
    IMUIOPool                                0x20000244   Data          20  drivers_imu.o(.data)
    IMUIOPool_readPoolMap                    0x20000266   Data           2  drivers_imu.o(.data)
    IMUIOPool_readPool                       0x20000268   Data           3  drivers_imu.o(.data)
    SuperMario                               0x2000026c   Data          76  drivers_buzzer.o(.data)
    CMFLRxIOPool_readPoolMap                 0x200002b8   Data           2  drivers_canmotor.o(.data)
    CMFLRxIOPool_readPool                    0x200002ba   Data           3  drivers_canmotor.o(.data)
    isRcanStarted_CMGM                       0x200002c0   Data           1  drivers_canmotor.o(.data)
    isRcanStarted_AM                         0x200002c1   Data           1  drivers_canmotor.o(.data)
    ZGyroModuleAngle                         0x200002c4   Data           4  drivers_canmotor.o(.data)
    CMFLRxIOPool                             0x200002d8   Data          20  drivers_canmotor.o(.data)
    CMFRRxIOPool                             0x200002ec   Data          20  drivers_canmotor.o(.data)
    CMBLRxIOPool                             0x20000300   Data          20  drivers_canmotor.o(.data)
    CMBRRxIOPool                             0x20000314   Data          20  drivers_canmotor.o(.data)
    GMPITCHRxIOPool                          0x20000328   Data          20  drivers_canmotor.o(.data)
    GMYAWRxIOPool                            0x2000033c   Data          20  drivers_canmotor.o(.data)
    AMUDFLRxIOPool                           0x20000350   Data          20  drivers_canmotor.o(.data)
    AMUDFRRxIOPool                           0x20000364   Data          20  drivers_canmotor.o(.data)
    AMUDBLRxIOPool                           0x20000378   Data          20  drivers_canmotor.o(.data)
    AMUDBRRxIOPool                           0x2000038c   Data          20  drivers_canmotor.o(.data)
    AMPLATERxIOPool                          0x200003a0   Data          20  drivers_canmotor.o(.data)
    AMGETBULLETRxIOPool                      0x200003b4   Data          20  drivers_canmotor.o(.data)
    CMTxIOPool                               0x200003c8   Data          20  drivers_canmotor.o(.data)
    GMTxIOPool                               0x200003dc   Data          20  drivers_canmotor.o(.data)
    AM1TxIOPool                              0x200003f0   Data          20  drivers_canmotor.o(.data)
    AM2TxIOPool                              0x20000404   Data          20  drivers_canmotor.o(.data)
    CMFRRxIOPool_readPoolMap                 0x20000418   Data           2  drivers_canmotor.o(.data)
    CMFRRxIOPool_readPool                    0x2000041a   Data           3  drivers_canmotor.o(.data)
    CMBLRxIOPool_readPoolMap                 0x2000041e   Data           2  drivers_canmotor.o(.data)
    CMBLRxIOPool_readPool                    0x20000420   Data           3  drivers_canmotor.o(.data)
    CMBRRxIOPool_readPoolMap                 0x20000424   Data           2  drivers_canmotor.o(.data)
    CMBRRxIOPool_readPool                    0x20000426   Data           3  drivers_canmotor.o(.data)
    GMPITCHRxIOPool_readPoolMap              0x2000042a   Data           2  drivers_canmotor.o(.data)
    GMPITCHRxIOPool_readPool                 0x2000042c   Data           3  drivers_canmotor.o(.data)
    GMYAWRxIOPool_readPoolMap                0x20000430   Data           2  drivers_canmotor.o(.data)
    GMYAWRxIOPool_readPool                   0x20000432   Data           3  drivers_canmotor.o(.data)
    AMUDFLRxIOPool_readPoolMap               0x20000436   Data           2  drivers_canmotor.o(.data)
    AMUDFLRxIOPool_readPool                  0x20000438   Data           3  drivers_canmotor.o(.data)
    AMUDFRRxIOPool_readPoolMap               0x2000043c   Data           2  drivers_canmotor.o(.data)
    AMUDFRRxIOPool_readPool                  0x2000043e   Data           3  drivers_canmotor.o(.data)
    AMUDBLRxIOPool_readPoolMap               0x20000442   Data           2  drivers_canmotor.o(.data)
    AMUDBLRxIOPool_readPool                  0x20000444   Data           3  drivers_canmotor.o(.data)
    AMUDBRRxIOPool_readPoolMap               0x20000448   Data           2  drivers_canmotor.o(.data)
    AMUDBRRxIOPool_readPool                  0x2000044a   Data           3  drivers_canmotor.o(.data)
    AMPLATERxIOPool_readPoolMap              0x2000044e   Data           2  drivers_canmotor.o(.data)
    AMPLATERxIOPool_readPool                 0x20000450   Data           3  drivers_canmotor.o(.data)
    AMGETBULLETRxIOPool_readPoolMap          0x20000454   Data           2  drivers_canmotor.o(.data)
    AMGETBULLETRxIOPool_readPool             0x20000456   Data           3  drivers_canmotor.o(.data)
    CMTxIOPool_readPoolMap                   0x2000045a   Data           2  drivers_canmotor.o(.data)
    CMTxIOPool_data                          0x2000045c   Data          84  drivers_canmotor.o(.data)
    CMTxIOPool_readPool                      0x200004b0   Data           3  drivers_canmotor.o(.data)
    GMTxIOPool_readPoolMap                   0x200004b4   Data           2  drivers_canmotor.o(.data)
    GMTxIOPool_data                          0x200004b8   Data          84  drivers_canmotor.o(.data)
    GMTxIOPool_readPool                      0x2000050c   Data           3  drivers_canmotor.o(.data)
    AM1TxIOPool_readPoolMap                  0x20000510   Data           2  drivers_canmotor.o(.data)
    AM1TxIOPool_data                         0x20000514   Data          84  drivers_canmotor.o(.data)
    AM1TxIOPool_readPool                     0x20000568   Data           3  drivers_canmotor.o(.data)
    AM2TxIOPool_readPoolMap                  0x2000056c   Data           2  drivers_canmotor.o(.data)
    AM2TxIOPool_data                         0x20000570   Data          84  drivers_canmotor.o(.data)
    AM2TxIOPool_readPool                     0x200005c4   Data           3  drivers_canmotor.o(.data)
    rcUartIOPool_readPoolMap                 0x200005c8   Data           2  drivers_uartrc.o(.data)
    rcUartIOPool_readPool                    0x200005ca   Data           3  drivers_uartrc.o(.data)
    rcUartIOPool                             0x200005d0   Data          20  drivers_uartrc.o(.data)
    ctrl_data                                0x200005e4   Data           1  drivers_uartupper.o(.data)
    RX_STA                                   0x200005e6   Data           2  drivers_uartupper.o(.data)
    SonarIOPool_readPoolMap                  0x200005e8   Data           2  drivers_sonar.o(.data)
    SonarIOPool_readPool                     0x200005ea   Data           3  drivers_sonar.o(.data)
    sonar_measuring_flag_f                   0x200005f0   Data           1  drivers_sonar.o(.data)
    sonar_measuring_flag_l                   0x200005f1   Data           1  drivers_sonar.o(.data)
    sonar_measuring_flag_b                   0x200005f2   Data           1  drivers_sonar.o(.data)
    sonar_measuring_flag_r                   0x200005f3   Data           1  drivers_sonar.o(.data)
    sonar_measuring_flag_fl                  0x200005f4   Data           1  drivers_sonar.o(.data)
    sonar_measuring_flag_fr                  0x200005f5   Data           1  drivers_sonar.o(.data)
    sonar_measuring_flag_bl                  0x200005f6   Data           1  drivers_sonar.o(.data)
    sonar_measuring_flag_br                  0x200005f7   Data           1  drivers_sonar.o(.data)
    SonarPrint                               0x200005f8   Data           1  drivers_sonar.o(.data)
    sonar_distance_f                         0x200005fc   Data           4  drivers_sonar.o(.data)
    sonar_distance_l                         0x20000600   Data           4  drivers_sonar.o(.data)
    sonar_distance_b                         0x20000604   Data           4  drivers_sonar.o(.data)
    sonar_distance_r                         0x20000608   Data           4  drivers_sonar.o(.data)
    sonar_distance_fl                        0x2000060c   Data           4  drivers_sonar.o(.data)
    sonar_distance_fr                        0x20000610   Data           4  drivers_sonar.o(.data)
    sonar_distance_bl                        0x20000614   Data           4  drivers_sonar.o(.data)
    sonar_distance_br                        0x20000618   Data           4  drivers_sonar.o(.data)
    SonarIOPool                              0x20000660   Data          20  drivers_sonar.o(.data)
    receiving                                0x20000674   Data           1  drivers_uart_judge.o(.data)
    buffercnt                                0x20000675   Data           1  drivers_uart_judge.o(.data)
    judge_data                               0x20000676   Data           1  drivers_uart_judge.o(.data)
    GM_RUN                                   0x20000678   Data           1  tasks_motor.o(.data)
    s                                        0x20000679   Data           1  tasks_motor.o(.data)
    as                                       0x2000067a   Data           2  tasks_motor.o(.data)
    yawAngleTarget                           0x2000067c   Data           4  tasks_motor.o(.data)
    pitchAngleTarget                         0x20000680   Data           4  tasks_motor.o(.data)
    FrontBackSpeedTarget                     0x20000684   Data           4  tasks_motor.o(.data)
    LeftRightSpeedTarget                     0x20000688   Data           4  tasks_motor.o(.data)
    RotateSpeedTarget                        0x2000068c   Data           4  tasks_motor.o(.data)
    upperIOPool_readPoolMap                  0x20000694   Data           2  tasks_upper.o(.data)
    upperIOPool_readPool                     0x20000696   Data           3  tasks_upper.o(.data)
    upperIOPool                              0x2000069c   Data          20  tasks_upper.o(.data)
    YawZeroEncoderBias                       0x200006cc   Data           2  application_gimbalcontrol.o(.data)
    PitchZeroEncoderBias                     0x200006ce   Data           2  application_gimbalcontrol.o(.data)
    yawPositionPID                           0x200006d0   Data          72  application_gimbalcontrol.o(.data)
    yawSpeedPID                              0x20000718   Data          72  application_gimbalcontrol.o(.data)
    pitchPositionPID                         0x20000760   Data          72  application_gimbalcontrol.o(.data)
    pitchSpeedPID                            0x200007a8   Data          72  application_gimbalcontrol.o(.data)
    CMFLSpeedPID                             0x200007f0   Data          72  application_chassiscontrol.o(.data)
    CMFRSpeedPID                             0x20000838   Data          72  application_chassiscontrol.o(.data)
    CMBLSpeedPID                             0x20000880   Data          72  application_chassiscontrol.o(.data)
    CMBRSpeedPID                             0x200008c8   Data          72  application_chassiscontrol.o(.data)
    maxx                                     0x20000910   Data           2  task_quaternion.o(.data)
    maxy                                     0x20000912   Data           2  task_quaternion.o(.data)
    maxz                                     0x20000914   Data           2  task_quaternion.o(.data)
    minx                                     0x20000916   Data           2  task_quaternion.o(.data)
    miny                                     0x20000918   Data           2  task_quaternion.o(.data)
    minz                                     0x2000091a   Data           2  task_quaternion.o(.data)
    q0                                       0x2000091c   Data           4  task_quaternion.o(.data)
    q1                                       0x20000920   Data           4  task_quaternion.o(.data)
    q2                                       0x20000924   Data           4  task_quaternion.o(.data)
    q3                                       0x20000928   Data           4  task_quaternion.o(.data)
    gx                                       0x2000093c   Data           4  task_quaternion.o(.data)
    gy                                       0x20000940   Data           4  task_quaternion.o(.data)
    gz                                       0x20000944   Data           4  task_quaternion.o(.data)
    ax                                       0x20000948   Data           4  task_quaternion.o(.data)
    ay                                       0x2000094c   Data           4  task_quaternion.o(.data)
    az                                       0x20000950   Data           4  task_quaternion.o(.data)
    mx                                       0x20000954   Data           4  task_quaternion.o(.data)
    my                                       0x20000958   Data           4  task_quaternion.o(.data)
    mz                                       0x2000095c   Data           4  task_quaternion.o(.data)
    gYroX                                    0x20000960   Data           4  task_quaternion.o(.data)
    gYroY                                    0x20000964   Data           4  task_quaternion.o(.data)
    gYroZ                                    0x20000968   Data           4  task_quaternion.o(.data)
    __stdout                                 0x20000984   Data           4  stdout.o(.data)
    __microlib_freelist                      0x20000988   Data           4  mvars.o(.data)
    __microlib_freelist_initialised          0x2000098c   Data           4  mvars.o(.data)
    hpcd_USB_OTG_FS                          0x2000cdd4   Data        1008  usbd_conf.o(.bss)
    htim2                                    0x2000d1c4   Data          60  tim.o(.bss)
    htim3                                    0x2000d200   Data          60  tim.o(.bss)
    htim4                                    0x2000d23c   Data          60  tim.o(.bss)
    htim5                                    0x2000d278   Data          60  tim.o(.bss)
    htim6                                    0x2000d2b4   Data          60  tim.o(.bss)
    htim8                                    0x2000d2f0   Data          60  tim.o(.bss)
    htim12                                   0x2000d32c   Data          60  tim.o(.bss)
    huart1                                   0x2000d368   Data          64  usart.o(.bss)
    huart2                                   0x2000d3a8   Data          64  usart.o(.bss)
    huart3                                   0x2000d3e8   Data          64  usart.o(.bss)
    huart6                                   0x2000d428   Data          64  usart.o(.bss)
    hdma_usart1_rx                           0x2000d468   Data          96  usart.o(.bss)
    USBD_StrDesc                             0x2000d4c8   Data         128  usbd_desc.o(.bss)
    hcan1                                    0x2000d548   Data          64  can.o(.bss)
    hcan2                                    0x2000d588   Data          64  can.o(.bss)
    hUsbDeviceFS                             0x2000d5c8   Data         548  usb_device.o(.bss)
    hspi5                                    0x2000d7ec   Data          88  spi.o(.bss)
    imu_data                                 0x2000d844   Data          20  drivers_imu.o(.bss)
    imu_data_offest                          0x2000d858   Data          20  drivers_imu.o(.bss)
    IMUIOPool_data                           0x2000d86c   Data          36  drivers_imu.o(.bss)
    CMFLRxIOPool_data                        0x2000d890   Data          12  drivers_canmotor.o(.bss)
    CMFRRxIOPool_data                        0x2000d89c   Data          12  drivers_canmotor.o(.bss)
    CMBLRxIOPool_data                        0x2000d8a8   Data          12  drivers_canmotor.o(.bss)
    CMBRRxIOPool_data                        0x2000d8b4   Data          12  drivers_canmotor.o(.bss)
    GMPITCHRxIOPool_data                     0x2000d8c0   Data          18  drivers_canmotor.o(.bss)
    GMYAWRxIOPool_data                       0x2000d8d2   Data          18  drivers_canmotor.o(.bss)
    AMUDFLRxIOPool_data                      0x2000d8e4   Data          12  drivers_canmotor.o(.bss)
    AMUDFRRxIOPool_data                      0x2000d8f0   Data          12  drivers_canmotor.o(.bss)
    AMUDBLRxIOPool_data                      0x2000d8fc   Data          12  drivers_canmotor.o(.bss)
    AMUDBRRxIOPool_data                      0x2000d908   Data          12  drivers_canmotor.o(.bss)
    AMPLATERxIOPool_data                     0x2000d914   Data          12  drivers_canmotor.o(.bss)
    AMGETBULLETRxIOPool_data                 0x2000d920   Data          12  drivers_canmotor.o(.bss)
    CMGMCanRxMsg                             0x2000d92c   Data          36  drivers_canmotor.o(.bss)
    AMCanRxMsg                               0x2000d950   Data          36  drivers_canmotor.o(.bss)
    rcUartIOPool_data                        0x2000d974   Data          66  drivers_uartrc.o(.bss)
    RC_Data_ch                               0x2000d9b6   Data          18  drivers_uartrc.o(.bss)
    buf                                      0x2000d9c8   Data        1024  drivers_uartupper.o(.bss)
    SonarIOPool_data                         0x2000ddc8   Data          96  drivers_sonar.o(.bss)
    buffer                                   0x2000de28   Data          44  drivers_uart_judge.o(.bss)
    mytGameInfo                              0x2000de54   Data          35  drivers_uart_judge.o(.bss)
    upperIOPool_data                         0x2000de78   Data          24  tasks_upper.o(.bss)
    angles                                   0x2000de90   Data          12  task_quaternion.o(.bss)
    __heap_base                              0x2000dea0   Data           0  startup_stm32f427xx.o(HEAP)
    __heap_limit                             0x2000eea0   Data           0  startup_stm32f427xx.o(HEAP)
    __initial_sp                             0x2000f2a0   Data           0  startup_stm32f427xx.o(STACK)



==============================================================================

Memory Map of the image

  Image Entry point : 0x080001ad

  Load Region LR_IROM1 (Base: 0x08000000, Size: 0x0000d754, Max: 0x00200000, ABSOLUTE, COMPRESSED[0x0000cff8])

    Execution Region ER_IROM1 (Base: 0x08000000, Size: 0x0000cdc0, Max: 0x00200000, ABSOLUTE)

    Base Addr    Size         Type   Attr      Idx    E Section Name        Object

    0x08000000   0x000001ac   Data   RO          148    RESET               startup_stm32f427xx.o
    0x080001ac   0x00000000   Code   RO         7320  * .ARM.Collect$$$$00000000  mc_w.l(entry.o)
    0x080001ac   0x00000004   Code   RO         7687    .ARM.Collect$$$$00000001  mc_w.l(entry2.o)
    0x080001b0   0x00000004   Code   RO         7690    .ARM.Collect$$$$00000004  mc_w.l(entry5.o)
    0x080001b4   0x00000000   Code   RO         7692    .ARM.Collect$$$$00000008  mc_w.l(entry7b.o)
    0x080001b4   0x00000000   Code   RO         7694    .ARM.Collect$$$$0000000A  mc_w.l(entry8b.o)
    0x080001b4   0x00000008   Code   RO         7695    .ARM.Collect$$$$0000000B  mc_w.l(entry9a.o)
    0x080001bc   0x00000000   Code   RO         7697    .ARM.Collect$$$$0000000D  mc_w.l(entry10a.o)
    0x080001bc   0x00000000   Code   RO         7699    .ARM.Collect$$$$0000000F  mc_w.l(entry11a.o)
    0x080001bc   0x00000004   Code   RO         7688    .ARM.Collect$$$$00002712  mc_w.l(entry2.o)
    0x080001c0   0x000000ba   Code   RO         3448    .emb_text           port.o
    0x0800027a   0x00000002   PAD
    0x0800027c   0x00000024   Code   RO          149    .text               startup_stm32f427xx.o
    0x080002a0   0x00000024   Code   RO         7323    .text               mc_w.l(memcpya.o)
    0x080002c4   0x00000024   Code   RO         7325    .text               mc_w.l(memseta.o)
    0x080002e8   0x00000018   Code   RO         7327    .text               mc_w.l(strncpy.o)
    0x08000300   0x0000000e   Code   RO         7329    .text               mc_w.l(strlen.o)
    0x0800030e   0x0000001c   Code   RO         7331    .text               mc_w.l(strcmp.o)
    0x0800032a   0x00000002   PAD
    0x0800032c   0x00000044   Code   RO         7333    .text               mc_w.l(strtok.o)
    0x08000370   0x0000014e   Code   RO         7630    .text               mf_w.l(dadd.o)
    0x080004be   0x000000e4   Code   RO         7632    .text               mf_w.l(dmul.o)
    0x080005a2   0x000000de   Code   RO         7634    .text               mf_w.l(ddiv.o)
    0x08000680   0x0000001c   Code   RO         7636    .text               mf_w.l(ffltul.o)
    0x0800069c   0x00000022   Code   RO         7638    .text               mf_w.l(dflti.o)
    0x080006be   0x0000001a   Code   RO         7640    .text               mf_w.l(dfltui.o)
    0x080006d8   0x0000003e   Code   RO         7642    .text               mf_w.l(dfixi.o)
    0x08000716   0x00000026   Code   RO         7644    .text               mf_w.l(f2d.o)
    0x0800073c   0x00000038   Code   RO         7646    .text               mf_w.l(d2f.o)
    0x08000774   0x0000002c   Code   RO         7702    .text               mc_w.l(uidiv.o)
    0x080007a0   0x00000062   Code   RO         7704    .text               mc_w.l(uldiv.o)
    0x08000802   0x0000001e   Code   RO         7706    .text               mc_w.l(llshl.o)
    0x08000820   0x00000020   Code   RO         7708    .text               mc_w.l(llushr.o)
    0x08000840   0x00000024   Code   RO         7710    .text               mc_w.l(llsshr.o)
    0x08000864   0x0000009c   Code   RO         7721    .text               mc_w.l(strtod.o)
    0x08000900   0x00000000   Code   RO         7723    .text               mc_w.l(iusefp.o)
    0x08000900   0x0000006e   Code   RO         7724    .text               mf_w.l(fepilogue.o)
    0x0800096e   0x000000ba   Code   RO         7726    .text               mf_w.l(depilogue.o)
    0x08000a28   0x000000a2   Code   RO         7730    .text               mf_w.l(dsqrt.o)
    0x08000aca   0x00000030   Code   RO         7732    .text               mf_w.l(dfixul.o)
    0x08000afa   0x00000002   PAD
    0x08000afc   0x00000030   Code   RO         7736    .text               mf_w.l(cdrcmple.o)
    0x08000b2c   0x00000024   Code   RO         7738    .text               mc_w.l(init.o)
    0x08000b50   0x0000000a   Code   RO         7740    .text               mc_w.l(isspace_c.o)
    0x08000b5a   0x00000002   PAD
    0x08000b5c   0x00000338   Code   RO         7742    .text               mc_w.l(scanf_fp.o)
    0x08000e94   0x00000040   Code   RO         7746    .text               mc_w.l(_sgetc.o)
    0x08000ed4   0x00000028   Code   RO         7748    .text               mc_w.l(ctype_c.o)
    0x08000efc   0x00000018   Code   RO         7751    .text               mf_w.l(dfltul.o)
    0x08000f14   0x00000056   Code   RO         7761    .text               mc_w.l(__dczerorl2.o)
    0x08000f6a   0x00000004   Code   RO         6370    i.AM1TxIOPool_getId  drivers_canmotor.o
    0x08000f6e   0x00000004   Code   RO         6371    i.AM2TxIOPool_getId  drivers_canmotor.o
    0x08000f72   0x00000002   PAD
    0x08000f74   0x000001a0   Code   RO         6372    i.AMCanTransmitTask  drivers_canmotor.o
    0x08001114   0x00000014   Code   RO         6911    i.AMControlTask     tasks_motor.o
    0x08001128   0x00000002   Code   RO         5664    i.BusFault_Handler  stm32f4xx_it.o
    0x0800112a   0x00000002   PAD
    0x0800112c   0x0000000c   Code   RO         5665    i.CAN1_RX0_IRQHandler  stm32f4xx_it.o
    0x08001138   0x0000000c   Code   RO         5666    i.CAN1_TX_IRQHandler  stm32f4xx_it.o
    0x08001144   0x0000000c   Code   RO         5667    i.CAN2_RX0_IRQHandler  stm32f4xx_it.o
    0x08001150   0x0000000c   Code   RO         5668    i.CAN2_TX_IRQHandler  stm32f4xx_it.o
    0x0800115c   0x00000104   Code   RO         1773    i.CAN_Receive_IT    stm32f4xx_hal_can.o
    0x08001260   0x00000004   Code   RO         5433    i.CDC_Control_FS    usbd_cdc_if.o
    0x08001264   0x00000004   Code   RO         5434    i.CDC_DeInit_FS     usbd_cdc_if.o
    0x08001268   0x00000024   Code   RO         5435    i.CDC_Init_FS       usbd_cdc_if.o
    0x0800128c   0x00000018   Code   RO         5436    i.CDC_Receive_FS    usbd_cdc_if.o
    0x080012a4   0x000001a0   Code   RO         6383    i.CMGMCanTransmitTask  drivers_canmotor.o
    0x08001444   0x000002f8   Code   RO         6912    i.CMGMControlTask   tasks_motor.o
    0x0800173c   0x00000004   Code   RO         6384    i.CMTxIOPool_getId  drivers_canmotor.o
    0x08001740   0x000000b4   Code   RO         6813    i.ComProtocal       userprotocal.o
    0x080017f4   0x0000000c   Code   RO         5669    i.DMA2_Stream2_IRQHandler  stm32f4xx_it.o
    0x08001800   0x00000028   Code   RO          156    i.DMA_CalcBaseAndBitshift  stm32f4xx_hal_dma.o
    0x08001828   0x00000054   Code   RO          157    i.DMA_CheckFifoParam  stm32f4xx_hal_dma.o
    0x0800187c   0x00000028   Code   RO          158    i.DMA_SetConfig     stm32f4xx_hal_dma.o
    0x080018a4   0x00000002   Code   RO         5670    i.DebugMon_Handler  stm32f4xx_it.o
    0x080018a6   0x00000008   Code   RO         5671    i.EXTI15_10_IRQHandler  stm32f4xx_it.o
    0x080018ae   0x00000006   Code   RO         5672    i.EXTI1_IRQHandler  stm32f4xx_it.o
    0x080018b4   0x00000006   Code   RO         5673    i.EXTI2_IRQHandler  stm32f4xx_it.o
    0x080018ba   0x00000006   Code   RO         5674    i.EXTI3_IRQHandler  stm32f4xx_it.o
    0x080018c0   0x00000006   Code   RO         5675    i.EXTI4_IRQHandler  stm32f4xx_it.o
    0x080018c6   0x0000001a   Code   RO         5676    i.EXTI9_5_IRQHandler  stm32f4xx_it.o
    0x080018e0   0x00000034   Code   RO         5023    i.Error_Handler     main.o
    0x08001914   0x00000004   Code   RO         6386    i.GMTxIOPool_getId  drivers_canmotor.o
    0x08001918   0x000000f8   Code   RO         1774    i.HAL_CAN_ConfigFilter  stm32f4xx_hal_can.o
    0x08001a10   0x00000002   Code   RO         1776    i.HAL_CAN_ErrorCallback  stm32f4xx_hal_can.o
    0x08001a12   0x00000002   PAD
    0x08001a14   0x000001b0   Code   RO         1779    i.HAL_CAN_IRQHandler  stm32f4xx_hal_can.o
    0x08001bc4   0x00000148   Code   RO         1780    i.HAL_CAN_Init      stm32f4xx_hal_can.o
    0x08001d0c   0x000000e0   Code   RO         5558    i.HAL_CAN_MspInit   can.o
    0x08001dec   0x0000004a   Code   RO         1784    i.HAL_CAN_Receive_IT  stm32f4xx_hal_can.o
    0x08001e36   0x00000002   PAD
    0x08001e38   0x000004e4   Code   RO         6388    i.HAL_CAN_RxCpltCallback  drivers_canmotor.o
    0x0800231c   0x000000fe   Code   RO         1788    i.HAL_CAN_Transmit_IT  stm32f4xx_hal_can.o
    0x0800241a   0x00000002   PAD
    0x0800241c   0x0000002c   Code   RO         6389    i.HAL_CAN_TxCpltCallback  drivers_canmotor.o
    0x08002448   0x00000024   Code   RO          160    i.HAL_DMA_Abort_IT  stm32f4xx_hal_dma.o
    0x0800246c   0x000001a8   Code   RO          164    i.HAL_DMA_IRQHandler  stm32f4xx_hal_dma.o
    0x08002614   0x000000d4   Code   RO          165    i.HAL_DMA_Init      stm32f4xx_hal_dma.o
    0x080026e8   0x00000078   Code   RO          169    i.HAL_DMA_Start_IT  stm32f4xx_hal_dma.o
    0x08002760   0x0000001c   Code   RO         2622    i.HAL_Delay         stm32f4xx_hal.o
    0x0800277c   0x0000002c   Code   RO         6046    i.HAL_GPIO_EXTI_Callback  peripheral_gpio.o
    0x080027a8   0x00000018   Code   RO         2551    i.HAL_GPIO_EXTI_IRQHandler  stm32f4xx_hal_gpio.o
    0x080027c0   0x000001cc   Code   RO         2552    i.HAL_GPIO_Init     stm32f4xx_hal_gpio.o
    0x0800298c   0x0000000a   Code   RO         2554    i.HAL_GPIO_ReadPin  stm32f4xx_hal_gpio.o
    0x08002996   0x0000000a   Code   RO         2556    i.HAL_GPIO_WritePin  stm32f4xx_hal_gpio.o
    0x080029a0   0x0000000c   Code   RO         2630    i.HAL_GetTick       stm32f4xx_hal.o
    0x080029ac   0x00000010   Code   RO         2632    i.HAL_IncTick       stm32f4xx_hal.o
    0x080029bc   0x00000034   Code   RO         2633    i.HAL_Init          stm32f4xx_hal.o
    0x080029f0   0x00000028   Code   RO         2634    i.HAL_InitTick      stm32f4xx_hal.o
    0x08002a18   0x00000058   Code   RO         5848    i.HAL_MspInit       stm32f4xx_hal_msp.o
    0x08002a70   0x0000008e   Code   RO          438    i.HAL_MultiProcessor_Init  stm32f4xx_hal_uart.o
    0x08002afe   0x00000016   Code   RO          271    i.HAL_NVIC_EnableIRQ  stm32f4xx_hal_cortex.o
    0x08002b14   0x00000040   Code   RO          277    i.HAL_NVIC_SetPriority  stm32f4xx_hal_cortex.o
    0x08002b54   0x00000024   Code   RO          278    i.HAL_NVIC_SetPriorityGrouping  stm32f4xx_hal_cortex.o
    0x08002b78   0x00000008   Code   RO          401    i.HAL_PCDEx_SetRxFiFo  stm32f4xx_hal_pcd_ex.o
    0x08002b80   0x00000044   Code   RO          402    i.HAL_PCDEx_SetTxFiFo  stm32f4xx_hal_pcd_ex.o
    0x08002bc4   0x00000008   Code   RO         5100    i.HAL_PCD_ConnectCallback  usbd_conf.o
    0x08002bcc   0x00000012   Code   RO         5101    i.HAL_PCD_DataInStageCallback  usbd_conf.o
    0x08002bde   0x00000014   Code   RO         5102    i.HAL_PCD_DataOutStageCallback  usbd_conf.o
    0x08002bf2   0x00000008   Code   RO         5103    i.HAL_PCD_DisconnectCallback  usbd_conf.o
    0x08002bfa   0x00000044   Code   RO          927    i.HAL_PCD_EP_Close  stm32f4xx_hal_pcd.o
    0x08002c3e   0x00000050   Code   RO          928    i.HAL_PCD_EP_ClrStall  stm32f4xx_hal_pcd.o
    0x08002c8e   0x00000014   Code   RO          930    i.HAL_PCD_EP_GetRxCount  stm32f4xx_hal_pcd.o
    0x08002ca2   0x00000054   Code   RO          931    i.HAL_PCD_EP_Open   stm32f4xx_hal_pcd.o
    0x08002cf6   0x00000048   Code   RO          932    i.HAL_PCD_EP_Receive  stm32f4xx_hal_pcd.o
    0x08002d3e   0x00000060   Code   RO          933    i.HAL_PCD_EP_SetStall  stm32f4xx_hal_pcd.o
    0x08002d9e   0x00000040   Code   RO          934    i.HAL_PCD_EP_Transmit  stm32f4xx_hal_pcd.o
    0x08002dde   0x00000002   PAD
    0x08002de0   0x000004f4   Code   RO          936    i.HAL_PCD_IRQHandler  stm32f4xx_hal_pcd.o
    0x080032d4   0x00000008   Code   RO         5104    i.HAL_PCD_ISOINIncompleteCallback  usbd_conf.o
    0x080032dc   0x00000008   Code   RO         5105    i.HAL_PCD_ISOOUTIncompleteCallback  usbd_conf.o
    0x080032e4   0x000000be   Code   RO          939    i.HAL_PCD_Init      stm32f4xx_hal_pcd.o
    0x080033a2   0x00000002   PAD
    0x080033a4   0x0000007c   Code   RO         5107    i.HAL_PCD_MspInit   usbd_conf.o
    0x08003420   0x00000020   Code   RO         5108    i.HAL_PCD_ResetCallback  usbd_conf.o
    0x08003440   0x00000008   Code   RO         5109    i.HAL_PCD_ResumeCallback  usbd_conf.o
    0x08003448   0x00000008   Code   RO         5110    i.HAL_PCD_SOFCallback  usbd_conf.o
    0x08003450   0x00000024   Code   RO          945    i.HAL_PCD_SetAddress  stm32f4xx_hal_pcd.o
    0x08003474   0x0000000e   Code   RO         5111    i.HAL_PCD_SetupStageCallback  usbd_conf.o
    0x08003482   0x0000002a   Code   RO          947    i.HAL_PCD_Start     stm32f4xx_hal_pcd.o
    0x080034ac   0x00000030   Code   RO         5112    i.HAL_PCD_SuspendCallback  usbd_conf.o
    0x080034dc   0x0000017c   Code   RO         2216    i.HAL_RCC_ClockConfig  stm32f4xx_hal_rcc.o
    0x08003658   0x0000000c   Code   RO         2221    i.HAL_RCC_GetHCLKFreq  stm32f4xx_hal_rcc.o
    0x08003664   0x00000030   Code   RO         2223    i.HAL_RCC_GetPCLK1Freq  stm32f4xx_hal_rcc.o
    0x08003694   0x00000030   Code   RO         2224    i.HAL_RCC_GetPCLK2Freq  stm32f4xx_hal_rcc.o
    0x080036c4   0x00000074   Code   RO         2225    i.HAL_RCC_GetSysClockFreq  stm32f4xx_hal_rcc.o
    0x08003738   0x00000314   Code   RO         2228    i.HAL_RCC_OscConfig  stm32f4xx_hal_rcc.o
    0x08003a4c   0x00000080   Code   RO         1909    i.HAL_SPI_Init      stm32f4xx_hal_spi.o
    0x08003acc   0x0000004c   Code   RO         5873    i.HAL_SPI_MspInit   spi.o
    0x08003b18   0x00000150   Code   RO         1912    i.HAL_SPI_Receive   stm32f4xx_hal_spi.o
    0x08003c68   0x00000168   Code   RO         1917    i.HAL_SPI_Transmit  stm32f4xx_hal_spi.o
    0x08003dd0   0x000001d8   Code   RO         1918    i.HAL_SPI_TransmitReceive  stm32f4xx_hal_spi.o
    0x08003fa8   0x00000018   Code   RO          280    i.HAL_SYSTICK_CLKSourceConfig  stm32f4xx_hal_cortex.o
    0x08003fc0   0x00000028   Code   RO          282    i.HAL_SYSTICK_Config  stm32f4xx_hal_cortex.o
    0x08003fe8   0x00000002   Code   RO         1434    i.HAL_TIMEx_BreakCallback  stm32f4xx_hal_tim_ex.o
    0x08003fea   0x00000002   Code   RO         1435    i.HAL_TIMEx_CommutationCallback  stm32f4xx_hal_tim_ex.o
    0x08003fec   0x0000005a   Code   RO         1436    i.HAL_TIMEx_ConfigBreakDeadTime  stm32f4xx_hal_tim_ex.o
    0x08004046   0x00000050   Code   RO         1451    i.HAL_TIMEx_MasterConfigSynchronization  stm32f4xx_hal_tim_ex.o
    0x08004096   0x00000036   Code   RO         2782    i.HAL_TIM_Base_Init  stm32f4xx_hal_tim.o
    0x080040cc   0x000000c8   Code   RO         5290    i.HAL_TIM_Base_MspInit  tim.o
    0x08004194   0x00000018   Code   RO         2787    i.HAL_TIM_Base_Start_IT  stm32f4xx_hal_tim.o
    0x080041ac   0x000000f2   Code   RO         2791    i.HAL_TIM_ConfigClockSource  stm32f4xx_hal_tim.o
    0x0800429e   0x00000002   Code   RO         2811    i.HAL_TIM_IC_CaptureCallback  stm32f4xx_hal_tim.o
    0x080042a0   0x00000166   Code   RO         2824    i.HAL_TIM_IRQHandler  stm32f4xx_hal_tim.o
    0x08004406   0x00000002   PAD
    0x08004408   0x000000e4   Code   RO         5291    i.HAL_TIM_MspPostInit  tim.o
    0x080044ec   0x00000002   Code   RO         2827    i.HAL_TIM_OC_DelayElapsedCallback  stm32f4xx_hal_tim.o
    0x080044ee   0x000000d0   Code   RO         2848    i.HAL_TIM_PWM_ConfigChannel  stm32f4xx_hal_tim.o
    0x080045be   0x00000036   Code   RO         2851    i.HAL_TIM_PWM_Init  stm32f4xx_hal_tim.o
    0x080045f4   0x00000002   Code   RO         2853    i.HAL_TIM_PWM_MspInit  stm32f4xx_hal_tim.o
    0x080045f6   0x00000002   Code   RO         2854    i.HAL_TIM_PWM_PulseFinishedCallback  stm32f4xx_hal_tim.o
    0x080045f8   0x00000038   Code   RO         2855    i.HAL_TIM_PWM_Start  stm32f4xx_hal_tim.o
    0x08004630   0x0000005c   Code   RO         2858    i.HAL_TIM_PWM_Stop  stm32f4xx_hal_tim.o
    0x0800468c   0x00000024   Code   RO         6125    i.HAL_TIM_PeriodElapsedCallback  utilities_tim.o
    0x080046b0   0x00000002   Code   RO         2865    i.HAL_TIM_TriggerCallback  stm32f4xx_hal_tim.o
    0x080046b2   0x00000002   Code   RO          452    i.HAL_UART_ErrorCallback  stm32f4xx_hal_uart.o
    0x080046b4   0x00000110   Code   RO          455    i.HAL_UART_IRQHandler  stm32f4xx_hal_uart.o
    0x080047c4   0x00000062   Code   RO          456    i.HAL_UART_Init     stm32f4xx_hal_uart.o
    0x08004826   0x00000002   PAD
    0x08004828   0x00000140   Code   RO         5374    i.HAL_UART_MspInit  usart.o
    0x08004968   0x00000098   Code   RO          460    i.HAL_UART_Receive_DMA  stm32f4xx_hal_uart.o
    0x08004a00   0x00000048   Code   RO          461    i.HAL_UART_Receive_IT  stm32f4xx_hal_uart.o
    0x08004a48   0x0000002c   Code   RO         6565    i.HAL_UART_RxCpltCallback  drivers_uart.o
    0x08004a74   0x00000002   Code   RO          463    i.HAL_UART_RxHalfCpltCallback  stm32f4xx_hal_uart.o
    0x08004a76   0x000000ba   Code   RO          464    i.HAL_UART_Transmit  stm32f4xx_hal_uart.o
    0x08004b30   0x00000002   Code   RO          467    i.HAL_UART_TxCpltCallback  stm32f4xx_hal_uart.o
    0x08004b32   0x00000002   Code   RO         5677    i.HardFault_Handler  stm32f4xx_it.o
    0x08004b34   0x00000100   Code   RO         6201    i.IST8310_Init      drivers_imu.o
    0x08004c34   0x00000040   Code   RO         6202    i.IST_Reg_Read_By_MPU  drivers_imu.o
    0x08004c74   0x00000042   Code   RO         6203    i.IST_Reg_Write_By_MPU  drivers_imu.o
    0x08004cb6   0x00000002   PAD
    0x08004cb8   0x00000050   Code   RO         6204    i.MPU6500_Init      drivers_imu.o
    0x08004d08   0x00000050   Code   RO         6205    i.MPU6500_Read_Reg  drivers_imu.o
    0x08004d58   0x00000054   Code   RO         6209    i.MPU6500_Write_Reg  drivers_imu.o
    0x08004dac   0x0000008e   Code   RO         6210    i.MPU_Auto_Read_IST_config  drivers_imu.o
    0x08004e3a   0x00000002   PAD
    0x08004e3c   0x00000044   Code   RO         5559    i.MX_CAN1_Init      can.o
    0x08004e80   0x00000044   Code   RO         5560    i.MX_CAN2_Init      can.o
    0x08004ec4   0x0000002c   Code   RO         5824    i.MX_DMA_Init       dma.o
    0x08004ef0   0x0000003c   Code   RO         4978    i.MX_FREERTOS_Init  freertos.o
    0x08004f2c   0x00000284   Code   RO         5606    i.MX_GPIO_Init      gpio.o
    0x080051b0   0x00000048   Code   RO         5874    i.MX_SPI5_Init      spi.o
    0x080051f8   0x00000088   Code   RO         5292    i.MX_TIM12_Init     tim.o
    0x08005280   0x000000ac   Code   RO         5293    i.MX_TIM2_Init      tim.o
    0x0800532c   0x00000084   Code   RO         5294    i.MX_TIM3_Init      tim.o
    0x080053b0   0x000000ac   Code   RO         5295    i.MX_TIM4_Init      tim.o
    0x0800545c   0x000000ac   Code   RO         5296    i.MX_TIM5_Init      tim.o
    0x08005508   0x00000040   Code   RO         5297    i.MX_TIM6_Init      tim.o
    0x08005548   0x000000d8   Code   RO         5298    i.MX_TIM8_Init      tim.o
    0x08005620   0x00000044   Code   RO         5375    i.MX_USART1_UART_Init  usart.o
    0x08005664   0x0000003c   Code   RO         5376    i.MX_USART2_UART_Init  usart.o
    0x080056a0   0x0000003c   Code   RO         5377    i.MX_USART3_UART_Init  usart.o
    0x080056dc   0x0000003c   Code   RO         5378    i.MX_USART6_UART_Init  usart.o
    0x08005718   0x00000038   Code   RO         5630    i.MX_USB_DEVICE_Init  usb_device.o
    0x08005750   0x00000002   Code   RO         5678    i.MemManage_Handler  stm32f4xx_it.o
    0x08005752   0x00000002   Code   RO         5679    i.NMI_Handler       stm32f4xx_it.o
    0x08005754   0x00000020   Code   RO          284    i.NVIC_SetPriority  stm32f4xx_hal_cortex.o
    0x08005774   0x0000000c   Code   RO         5680    i.OTG_FS_IRQHandler  stm32f4xx_it.o
    0x08005780   0x00000088   Code   RO          950    i.PCD_WriteEmptyTxFifo  stm32f4xx_hal_pcd.o
    0x08005808   0x000000fe   Code   RO         6976    i.PID_Calc          application_pidfunc.o
    0x08005906   0x00000002   Code   RO         6977    i.PID_Reset         application_pidfunc.o
    0x08005908   0x00000020   Code   RO         1933    i.SPI_CheckFlag_BSY  stm32f4xx_hal_spi.o
    0x08005928   0x00000096   Code   RO         1951    i.SPI_WaitFlagStateUntilTimeout  stm32f4xx_hal_spi.o
    0x080059be   0x00000002   PAD
    0x080059c0   0x000002e4   Code   RO         6740    i.SonarCallbask     drivers_sonar.o
    0x08005ca4   0x0000000c   Code   RO         4979    i.StartDefaultTask  freertos.o
    0x08005cb0   0x0000000e   Code   RO         5681    i.SysTick_Handler   stm32f4xx_it.o
    0x08005cbe   0x00000002   PAD
    0x08005cc0   0x000000a0   Code   RO         5024    i.SystemClock_Config  main.o
    0x08005d60   0x00000054   Code   RO            5    i.SystemInit        system_stm32f4xx.o
    0x08005db4   0x0000000c   Code   RO         5682    i.TIM6_DAC_IRQHandler  stm32f4xx_it.o
    0x08005dc0   0x000000c0   Code   RO         2866    i.TIM_Base_SetConfig  stm32f4xx_hal_tim.o
    0x08005e80   0x00000016   Code   RO         2867    i.TIM_CCxChannelCmd  stm32f4xx_hal_tim.o
    0x08005e96   0x00000014   Code   RO         2873    i.TIM_ETR_SetConfig  stm32f4xx_hal_tim.o
    0x08005eaa   0x00000010   Code   RO         2874    i.TIM_ITRx_SetConfig  stm32f4xx_hal_tim.o
    0x08005eba   0x00000002   PAD
    0x08005ebc   0x00000058   Code   RO         2875    i.TIM_OC1_SetConfig  stm32f4xx_hal_tim.o
    0x08005f14   0x00000064   Code   RO         2876    i.TIM_OC2_SetConfig  stm32f4xx_hal_tim.o
    0x08005f78   0x00000060   Code   RO         2877    i.TIM_OC3_SetConfig  stm32f4xx_hal_tim.o
    0x08005fd8   0x00000050   Code   RO         2878    i.TIM_OC4_SetConfig  stm32f4xx_hal_tim.o
    0x08006028   0x00000022   Code   RO         2880    i.TIM_TI1_ConfigInputStage  stm32f4xx_hal_tim.o
    0x0800604a   0x00000024   Code   RO         2882    i.TIM_TI2_ConfigInputStage  stm32f4xx_hal_tim.o
    0x0800606e   0x00000010   Code   RO          469    i.UART_DMAAbortOnError  stm32f4xx_hal_uart.o
    0x0800607e   0x0000004a   Code   RO          470    i.UART_DMAError     stm32f4xx_hal_uart.o
    0x080060c8   0x0000003c   Code   RO          471    i.UART_DMAReceiveCplt  stm32f4xx_hal_uart.o
    0x08006104   0x0000000a   Code   RO          473    i.UART_DMARxHalfCplt  stm32f4xx_hal_uart.o
    0x0800610e   0x0000001c   Code   RO          479    i.UART_EndRxTransfer  stm32f4xx_hal_uart.o
    0x0800612a   0x00000012   Code   RO          480    i.UART_EndTxTransfer  stm32f4xx_hal_uart.o
    0x0800613c   0x0000008c   Code   RO          481    i.UART_Receive_IT   stm32f4xx_hal_uart.o
    0x080061c8   0x000002ac   Code   RO          482    i.UART_SetConfig    stm32f4xx_hal_uart.o
    0x08006474   0x00000062   Code   RO          483    i.UART_Transmit_IT  stm32f4xx_hal_uart.o
    0x080064d6   0x00000064   Code   RO          484    i.UART_WaitOnFlagUntilTimeout  stm32f4xx_hal_uart.o
    0x0800653a   0x00000002   PAD
    0x0800653c   0x0000000c   Code   RO         5683    i.USART2_IRQHandler  stm32f4xx_it.o
    0x08006548   0x0000000c   Code   RO         5684    i.USART3_IRQHandler  stm32f4xx_it.o
    0x08006554   0x0000000c   Code   RO         5685    i.USART6_IRQHandler  stm32f4xx_it.o
    0x08006560   0x00000014   Code   RO         4744    i.USBD_CDC_DataIn   usbd_cdc.o
    0x08006574   0x0000002e   Code   RO         4745    i.USBD_CDC_DataOut  usbd_cdc.o
    0x080065a2   0x0000003c   Code   RO         4746    i.USBD_CDC_DeInit   usbd_cdc.o
    0x080065de   0x00000024   Code   RO         4747    i.USBD_CDC_EP0_RxReady  usbd_cdc.o
    0x08006602   0x00000002   PAD
    0x08006604   0x0000000c   Code   RO         4748    i.USBD_CDC_GetDeviceQualifierDescriptor  usbd_cdc.o
    0x08006610   0x0000000c   Code   RO         4749    i.USBD_CDC_GetFSCfgDesc  usbd_cdc.o
    0x0800661c   0x0000000c   Code   RO         4750    i.USBD_CDC_GetHSCfgDesc  usbd_cdc.o
    0x08006628   0x0000000c   Code   RO         4751    i.USBD_CDC_GetOtherSpeedCfgDesc  usbd_cdc.o
    0x08006634   0x00000088   Code   RO         4752    i.USBD_CDC_Init     usbd_cdc.o
    0x080066bc   0x00000028   Code   RO         4753    i.USBD_CDC_ReceivePacket  usbd_cdc.o
    0x080066e4   0x00000010   Code   RO         4754    i.USBD_CDC_RegisterInterface  usbd_cdc.o
    0x080066f4   0x0000000c   Code   RO         4755    i.USBD_CDC_SetRxBuffer  usbd_cdc.o
    0x08006700   0x00000010   Code   RO         4756    i.USBD_CDC_SetTxBuffer  usbd_cdc.o
    0x08006710   0x00000070   Code   RO         4757    i.USBD_CDC_Setup    usbd_cdc.o
    0x08006780   0x0000000e   Code   RO         4585    i.USBD_ClrClassConfig  usbd_core.o
    0x0800678e   0x00000010   Code   RO         4854    i.USBD_CtlContinueRx  usbd_ioreq.o
    0x0800679e   0x00000010   Code   RO         4855    i.USBD_CtlContinueSendData  usbd_ioreq.o
    0x080067ae   0x00000016   Code   RO         4914    i.USBD_CtlError     usbd_ctlreq.o
    0x080067c4   0x0000001e   Code   RO         4856    i.USBD_CtlPrepareRx  usbd_ioreq.o
    0x080067e2   0x00000016   Code   RO         4857    i.USBD_CtlReceiveStatus  usbd_ioreq.o
    0x080067f8   0x0000001a   Code   RO         4858    i.USBD_CtlSendData  usbd_ioreq.o
    0x08006812   0x00000016   Code   RO         4859    i.USBD_CtlSendStatus  usbd_ioreq.o
    0x08006828   0x00000020   Code   RO         5489    i.USBD_FS_ConfigStrDescriptor  usbd_desc.o
    0x08006848   0x0000000c   Code   RO         5490    i.USBD_FS_DeviceDescriptor  usbd_desc.o
    0x08006854   0x00000024   Code   RO         5491    i.USBD_FS_InterfaceStrDescriptor  usbd_desc.o
    0x08006878   0x0000000c   Code   RO         5492    i.USBD_FS_LangIDStrDescriptor  usbd_desc.o
    0x08006884   0x00000028   Code   RO         5493    i.USBD_FS_ManufacturerStrDescriptor  usbd_desc.o
    0x080068ac   0x0000002c   Code   RO         5494    i.USBD_FS_ProductStrDescriptor  usbd_desc.o
    0x080068d8   0x00000024   Code   RO         5495    i.USBD_FS_SerialStrDescriptor  usbd_desc.o
    0x080068fc   0x000000e0   Code   RO         4915    i.USBD_GetDescriptor  usbd_ctlreq.o
    0x080069dc   0x00000046   Code   RO         4916    i.USBD_GetString    usbd_ctlreq.o
    0x08006a22   0x0000002a   Code   RO         4587    i.USBD_Init         usbd_core.o
    0x08006a4c   0x00000020   Code   RO         5113    i.USBD_LL_ClearStallEP  usbd_conf.o
    0x08006a6c   0x00000020   Code   RO         5114    i.USBD_LL_CloseEP   usbd_conf.o
    0x08006a8c   0x000000aa   Code   RO         4588    i.USBD_LL_DataInStage  usbd_core.o
    0x08006b36   0x0000006a   Code   RO         4589    i.USBD_LL_DataOutStage  usbd_core.o
    0x08006ba0   0x00000004   Code   RO         4590    i.USBD_LL_DevConnected  usbd_core.o
    0x08006ba4   0x00000016   Code   RO         4591    i.USBD_LL_DevDisconnected  usbd_core.o
    0x08006bba   0x00000008   Code   RO         5118    i.USBD_LL_GetRxDataSize  usbd_conf.o
    0x08006bc2   0x00000002   PAD
    0x08006bc4   0x00000060   Code   RO         5119    i.USBD_LL_Init      usbd_conf.o
    0x08006c24   0x00000020   Code   RO         5120    i.USBD_LL_IsStallEP  usbd_conf.o
    0x08006c44   0x00000004   Code   RO         4592    i.USBD_LL_IsoINIncomplete  usbd_core.o
    0x08006c48   0x00000004   Code   RO         4593    i.USBD_LL_IsoOUTIncomplete  usbd_core.o
    0x08006c4c   0x00000026   Code   RO         5121    i.USBD_LL_OpenEP    usbd_conf.o
    0x08006c72   0x00000020   Code   RO         5122    i.USBD_LL_PrepareReceive  usbd_conf.o
    0x08006c92   0x0000003e   Code   RO         4594    i.USBD_LL_Reset     usbd_core.o
    0x08006cd0   0x0000000c   Code   RO         4595    i.USBD_LL_Resume    usbd_core.o
    0x08006cdc   0x00000018   Code   RO         4596    i.USBD_LL_SOF       usbd_core.o
    0x08006cf4   0x00000006   Code   RO         4597    i.USBD_LL_SetSpeed  usbd_core.o
    0x08006cfa   0x00000020   Code   RO         5123    i.USBD_LL_SetUSBAddress  usbd_conf.o
    0x08006d1a   0x0000005a   Code   RO         4598    i.USBD_LL_SetupStage  usbd_core.o
    0x08006d74   0x00000020   Code   RO         5124    i.USBD_LL_StallEP   usbd_conf.o
    0x08006d94   0x00000020   Code   RO         5125    i.USBD_LL_Start     usbd_conf.o
    0x08006db4   0x00000012   Code   RO         4599    i.USBD_LL_Suspend   usbd_core.o
    0x08006dc6   0x00000020   Code   RO         5127    i.USBD_LL_Transmit  usbd_conf.o
    0x08006de6   0x00000028   Code   RO         4917    i.USBD_ParseSetupRequest  usbd_ctlreq.o
    0x08006e0e   0x00000010   Code   RO         4600    i.USBD_RegisterClass  usbd_core.o
    0x08006e1e   0x00000016   Code   RO         4602    i.USBD_SetClassConfig  usbd_core.o
    0x08006e34   0x00000074   Code   RO         4918    i.USBD_SetConfig    usbd_ctlreq.o
    0x08006ea8   0x0000000a   Code   RO         4603    i.USBD_Start        usbd_core.o
    0x08006eb2   0x000000f2   Code   RO         4919    i.USBD_StdDevReq    usbd_ctlreq.o
    0x08006fa4   0x000000dc   Code   RO         4920    i.USBD_StdEPReq     usbd_ctlreq.o
    0x08007080   0x00000034   Code   RO         4921    i.USBD_StdItfReq    usbd_ctlreq.o
    0x080070b4   0x00000080   Code   RO         1152    i.USB_ActivateEndpoint  stm32f4xx_ll_usb.o
    0x08007134   0x00000034   Code   RO         1153    i.USB_ActivateSetup  stm32f4xx_ll_usb.o
    0x08007168   0x0000006c   Code   RO         1155    i.USB_CoreInit      stm32f4xx_ll_usb.o
    0x080071d4   0x00000038   Code   RO         1156    i.USB_CoreReset     stm32f4xx_ll_usb.o
    0x0800720c   0x000000c8   Code   RO         1158    i.USB_DeactivateEndpoint  stm32f4xx_ll_usb.o
    0x080072d4   0x00000018   Code   RO         1159    i.USB_DevConnect    stm32f4xx_ll_usb.o
    0x080072ec   0x00000018   Code   RO         1160    i.USB_DevDisconnect  stm32f4xx_ll_usb.o
    0x08007304   0x00000140   Code   RO         1161    i.USB_DevInit       stm32f4xx_ll_usb.o
    0x08007444   0x0000000c   Code   RO         1162    i.USB_DisableGlobalInt  stm32f4xx_ll_usb.o
    0x08007450   0x00000140   Code   RO         1165    i.USB_EP0StartXfer  stm32f4xx_ll_usb.o
    0x08007590   0x0000003e   Code   RO         1166    i.USB_EP0_OutStart  stm32f4xx_ll_usb.o
    0x080075ce   0x00000064   Code   RO         1167    i.USB_EPClearStall  stm32f4xx_ll_usb.o
    0x08007632   0x0000005e   Code   RO         1168    i.USB_EPSetStall    stm32f4xx_ll_usb.o
    0x08007690   0x0000021c   Code   RO         1169    i.USB_EPStartXfer   stm32f4xx_ll_usb.o
    0x080078ac   0x0000000c   Code   RO         1170    i.USB_EnableGlobalInt  stm32f4xx_ll_usb.o
    0x080078b8   0x00000020   Code   RO         1171    i.USB_FlushRxFifo   stm32f4xx_ll_usb.o
    0x080078d8   0x00000024   Code   RO         1172    i.USB_FlushTxFifo   stm32f4xx_ll_usb.o
    0x080078fc   0x0000003c   Code   RO         1174    i.USB_GetDevSpeed   stm32f4xx_ll_usb.o
    0x08007938   0x00000008   Code   RO         1176    i.USB_GetMode       stm32f4xx_ll_usb.o
    0x08007940   0x0000000e   Code   RO         1183    i.USB_ReadDevAllInEpInterrupt  stm32f4xx_ll_usb.o
    0x0800794e   0x0000000e   Code   RO         1184    i.USB_ReadDevAllOutEpInterrupt  stm32f4xx_ll_usb.o
    0x0800795c   0x0000001e   Code   RO         1185    i.USB_ReadDevInEPInterrupt  stm32f4xx_ll_usb.o
    0x0800797a   0x00000010   Code   RO         1186    i.USB_ReadDevOutEPInterrupt  stm32f4xx_ll_usb.o
    0x0800798a   0x00000008   Code   RO         1187    i.USB_ReadInterrupts  stm32f4xx_ll_usb.o
    0x08007992   0x00000020   Code   RO         1188    i.USB_ReadPacket    stm32f4xx_ll_usb.o
    0x080079b2   0x0000002c   Code   RO         1190    i.USB_SetCurrentMode  stm32f4xx_ll_usb.o
    0x080079de   0x00000022   Code   RO         1191    i.USB_SetDevAddress  stm32f4xx_ll_usb.o
    0x08007a00   0x00000028   Code   RO         1195    i.USB_WritePacket   stm32f4xx_ll_usb.o
    0x08007a28   0x00000002   Code   RO         5686    i.UsageFault_Handler  stm32f4xx_it.o
    0x08007a2a   0x00000002   PAD
    0x08007a2c   0x00000020   Code   RO         7574    i.__0printf         mc_w.l(printfa.o)
    0x08007a4c   0x00000028   Code   RO         7576    i.__0sprintf        mc_w.l(printfa.o)
    0x08007a74   0x00000030   Code   RO         7682    i.__ARM_fpclassify  m_wm.l(fpclassify.o)
    0x08007aa4   0x00000004   PAD
    0x08007aa8   0x00000360   Code   RO         7276    i.__hardfp_asin     m_wm.l(asin.o)
    0x08007e08   0x000002d8   Code   RO         7648    i.__hardfp_atan     m_wm.l(atan.o)
    0x080080e0   0x000001f0   Code   RO         7290    i.__hardfp_atan2    m_wm.l(atan2.o)
    0x080082d0   0x00000038   Code   RO         7302    i.__hardfp_atof     m_wm.l(atof.o)
    0x08008308   0x0000007a   Code   RO         7308    i.__hardfp_sqrt     m_wm.l(sqrt.o)
    0x08008382   0x000000f8   Code   RO         7684    i.__kernel_poly     m_wm.l(poly.o)
    0x0800847a   0x00000014   Code   RO         7663    i.__mathlib_dbl_infnan  m_wm.l(dunder.o)
    0x0800848e   0x00000014   Code   RO         7664    i.__mathlib_dbl_infnan2  m_wm.l(dunder.o)
    0x080084a2   0x00000006   PAD
    0x080084a8   0x00000020   Code   RO         7665    i.__mathlib_dbl_invalid  m_wm.l(dunder.o)
    0x080084c8   0x00000020   Code   RO         7668    i.__mathlib_dbl_underflow  m_wm.l(dunder.o)
    0x080084e8   0x0000000c   Code   RO         7715    i.__read_errno      mc_w.l(errno.o)
    0x080084f4   0x0000000e   Code   RO         7755    i.__scatterload_copy  mc_w.l(handlers.o)
    0x08008502   0x00000002   Code   RO         7756    i.__scatterload_null  mc_w.l(handlers.o)
    0x08008504   0x0000000e   Code   RO         7757    i.__scatterload_zeroinit  mc_w.l(handlers.o)
    0x08008512   0x00000002   PAD
    0x08008514   0x0000000c   Code   RO         7716    i.__set_errno       mc_w.l(errno.o)
    0x08008520   0x00000164   Code   RO         7581    i._fp_digits        mc_w.l(printfa.o)
    0x08008684   0x0000000e   Code   RO         7744    i._is_digit         mc_w.l(scanf_fp.o)
    0x08008692   0x00000002   PAD
    0x08008694   0x000006dc   Code   RO         7582    i._printf_core      mc_w.l(printfa.o)
    0x08008d70   0x00000024   Code   RO         7583    i._printf_post_padding  mc_w.l(printfa.o)
    0x08008d94   0x0000002e   Code   RO         7584    i._printf_pre_padding  mc_w.l(printfa.o)
    0x08008dc2   0x0000000a   Code   RO         7586    i._sputc            mc_w.l(printfa.o)
    0x08008dcc   0x00000010   Code   RO         7650    i.atan              m_wm.l(atan.o)
    0x08008ddc   0x00000002   Code   RO         6315    i.buzzerTask        drivers_buzzer.o
    0x08008dde   0x00000002   PAD
    0x08008de0   0x00000024   Code   RO         6643    i.ctrlUartInit      drivers_uartupper.o
    0x08008e04   0x00000020   Code   RO         6644    i.ctrlUartRxCpltCallback  drivers_uartupper.o
    0x08008e24   0x00000018   Code   RO         7678    i.fabs              m_wm.l(fabs.o)
    0x08008e3c   0x00000018   Code   RO         6086    i.fputc             utilities_debug.o
    0x08008e54   0x00000050   Code   RO         7602    i.free              mc_w.l(malloc.o)
    0x08008ea4   0x0000001c   Code   RO         6126    i.fw_getTimeMicros  utilities_tim.o
    0x08008ec0   0x0000000c   Code   RO         6127    i.fw_userTimeEnable  utilities_tim.o
    0x08008ecc   0x00000006   Code   RO         6997    i.getCtrlUartTask   tasks_upper.o
    0x08008ed2   0x00000002   PAD
    0x08008ed4   0x00000064   Code   RO         6110    i.getReadPoolIndexPrototype  utilities_iopool.o
    0x08008f38   0x0000000c   Code   RO         3527    i.inHandlerMode     cmsis_os.o
    0x08008f44   0x0000002c   Code   RO         7175    i.invSqrt           task_quaternion.o
    0x08008f70   0x00000024   Code   RO         6838    i.judgeUartInit     drivers_uart_judge.o
    0x08008f94   0x00000024   Code   RO         6839    i.judgeUartRxCpltCallback  drivers_uart_judge.o
    0x08008fb8   0x00000054   Code   RO         6840    i.judge_process_data  drivers_uart_judge.o
    0x0800900c   0x00000054   Code   RO         6163    i.ledGreenTask      drivers_led.o
    0x08009060   0x0000004c   Code   RO         6164    i.ledRedTask        drivers_led.o
    0x080090ac   0x00000052   Code   RO         5025    i.main              main.o
    0x080090fe   0x0000000c   Code   RO         3529    i.makeFreeRtosPriority  cmsis_os.o
    0x0800910a   0x00000002   PAD
    0x0800910c   0x0000006c   Code   RO         7603    i.malloc            mc_w.l(malloc.o)
    0x08009178   0x000000d0   Code   RO         6391    i.motorInit         drivers_canmotor.o
    0x08009248   0x00000018   Code   RO         6316    i.myDelay           drivers_buzzer.o
    0x08009260   0x0000002c   Code   RO         6841    i.myGet_CRC16_Check_Sum  drivers_uart_judge.o
    0x0800928c   0x0000001c   Code   RO         6842    i.myGet_CRC8_Check_Sum  drivers_uart_judge.o
    0x080092a8   0x00000034   Code   RO         6843    i.myVerify_CRC16_Check_Sum  drivers_uart_judge.o
    0x080092dc   0x00000026   Code   RO         6844    i.myVerify_CRC8_Check_Sum  drivers_uart_judge.o
    0x08009302   0x0000000e   Code   RO         3531    i.osDelay           cmsis_os.o
    0x08009310   0x0000000a   Code   RO         3534    i.osKernelStart     cmsis_os.o
    0x0800931a   0x00000026   Code   RO         3560    i.osSemaphoreCreate  cmsis_os.o
    0x08009340   0x00000050   Code   RO         3563    i.osSemaphoreRelease  cmsis_os.o
    0x08009390   0x00000068   Code   RO         3564    i.osSemaphoreWait   cmsis_os.o
    0x080093f8   0x00000014   Code   RO         3567    i.osSystickHandler  cmsis_os.o
    0x0800940c   0x0000002e   Code   RO         3568    i.osThreadCreate    cmsis_os.o
    0x0800943a   0x00000002   PAD
    0x0800943c   0x0000006c   Code   RO         6318    i.playMusicWhenInit  drivers_buzzer.o
    0x080094a8   0x0000014c   Code   RO         6211    i.printIMUTask      drivers_imu.o
    0x080095f4   0x00000070   Code   RO         4269    i.prvAddCurrentTaskToDelayedList  tasks.o
    0x08009664   0x000000d0   Code   RO         4270    i.prvAddNewTaskToReadyList  tasks.o
    0x08009734   0x00000050   Code   RO         4271    i.prvCheckTasksWaitingTermination  tasks.o
    0x08009784   0x00000026   Code   RO         4013    i.prvCopyDataFromQueue  queue.o
    0x080097aa   0x0000006c   Code   RO         4014    i.prvCopyDataToQueue  queue.o
    0x08009816   0x00000014   Code   RO         4272    i.prvDeleteTCB      tasks.o
    0x0800982a   0x00000002   PAD
    0x0800982c   0x00000048   Code   RO         4206    i.prvHeapInit       heap_4.o
    0x08009874   0x00000028   Code   RO         4273    i.prvIdleTask       tasks.o
    0x0800989c   0x0000009c   Code   RO         4274    i.prvInitialiseNewTask  tasks.o
    0x08009938   0x0000004c   Code   RO         4207    i.prvInsertBlockIntoFreeList  heap_4.o
    0x08009984   0x0000001c   Code   RO         4015    i.prvIsQueueEmpty   queue.o
    0x080099a0   0x00000020   Code   RO         4276    i.prvResetNextTaskUnblockTime  tasks.o
    0x080099c0   0x00000028   Code   RO         3449    i.prvTaskExitError  port.o
    0x080099e8   0x0000006a   Code   RO         4016    i.prvUnlockQueue    queue.o
    0x08009a52   0x00000002   PAD
    0x08009a54   0x000000d8   Code   RO         4208    i.pvPortMalloc      heap_4.o
    0x08009b2c   0x00000018   Code   RO         4278    i.pvTaskIncrementMutexHeldCount  tasks.o
    0x08009b44   0x0000002c   Code   RO         3450    i.pxPortInitialiseStack  port.o
    0x08009b70   0x00000024   Code   RO         6592    i.rcInit            drivers_uartrc.o
    0x08009b94   0x000000d8   Code   RO         6594    i.rcUartRxCpltCallback  drivers_uartrc.o
    0x08009c6c   0x000002a8   Code   RO         6845    i.refreshdata       drivers_uart_judge.o
    0x08009f14   0x00000088   Code   RO         5953    i.rtos_addSemaphores  rtos_semaphore.o
    0x08009f9c   0x00000118   Code   RO         5979    i.rtos_addThreads   rtos_task.o
    0x0800a0b4   0x0000003c   Code   RO         5911    i.rtos_init         rtos_init.o
    0x0800a0f0   0x00000094   Code   RO         7123    i.setCMBLWithSpeed  application_chassiscontrol.o
    0x0800a184   0x00000094   Code   RO         7124    i.setCMBRWithSpeed  application_chassiscontrol.o
    0x0800a218   0x00000094   Code   RO         7125    i.setCMFLWithSpeed  application_chassiscontrol.o
    0x0800a2ac   0x00000094   Code   RO         7126    i.setCMFRWithSpeed  application_chassiscontrol.o
    0x0800a340   0x00000052   Code   RO         7127    i.setChassisWithSpeed  application_chassiscontrol.o
    0x0800a392   0x00000002   PAD
    0x0800a394   0x0000040c   Code   RO         7047    i.setMotor          application_setmotor.o
    0x0800a7a0   0x00000054   Code   RO         7048    i.setMotorWithPositionSpeedPID  application_setmotor.o
    0x0800a7f4   0x00000034   Code   RO         7049    i.setMotorWithSpeedPID  application_setmotor.o
    0x0800a828   0x0000016c   Code   RO         7087    i.setPitchWithAngle  application_gimbalcontrol.o
    0x0800a994   0x00000174   Code   RO         7088    i.setYawWithAngle   application_gimbalcontrol.o
    0x0800ab08   0x00000308   Code   RO         6742    i.sonarTask         drivers_sonar.o
    0x0800ae10   0x0000006e   Code   RO         7310    i.sqrt              m_wm.l(sqrt.o)
    0x0800ae7e   0x00000002   Code   RO         7252    i.task_base_patrol  tasks_base_patrol.o
    0x0800ae80   0x0000061c   Code   RO         7176    i.updateQuaternion  task_quaternion.o
    0x0800b49c   0x00000006   Code   RO         7177    i.updateQuaternionTask  task_quaternion.o
    0x0800b4a2   0x00000024   Code   RO         4170    i.uxListRemove      list.o
    0x0800b4c6   0x00000016   Code   RO         4171    i.vListInitialise   list.o
    0x0800b4dc   0x00000006   Code   RO         4172    i.vListInitialiseItem  list.o
    0x0800b4e2   0x00000030   Code   RO         4173    i.vListInsert       list.o
    0x0800b512   0x00000018   Code   RO         4174    i.vListInsertEnd    list.o
    0x0800b52a   0x00000002   PAD
    0x0800b52c   0x00000040   Code   RO         3452    i.vPortEnterCritical  port.o
    0x0800b56c   0x00000028   Code   RO         3453    i.vPortExitCritical  port.o
    0x0800b594   0x0000005c   Code   RO         4209    i.vPortFree         heap_4.o
    0x0800b5f0   0x00000020   Code   RO         3454    i.vPortSetupTimerInterrupt  port.o
    0x0800b610   0x00000054   Code   RO         3455    i.vPortValidateInterruptPriority  port.o
    0x0800b664   0x0000004c   Code   RO         4286    i.vTaskDelay        tasks.o
    0x0800b6b0   0x0000000c   Code   RO         4290    i.vTaskMissedYield  tasks.o
    0x0800b6bc   0x00000030   Code   RO         4292    i.vTaskPlaceOnEventList  tasks.o
    0x0800b6ec   0x00000084   Code   RO         4294    i.vTaskPriorityInherit  tasks.o
    0x0800b770   0x00000024   Code   RO         4298    i.vTaskSetTimeOutState  tasks.o
    0x0800b794   0x00000068   Code   RO         4299    i.vTaskStartScheduler  tasks.o
    0x0800b7fc   0x00000010   Code   RO         4301    i.vTaskSuspendAll   tasks.o
    0x0800b80c   0x0000005c   Code   RO         4302    i.vTaskSwitchContext  tasks.o
    0x0800b868   0x000000e0   Code   RO         3456    i.xPortStartScheduler  port.o
    0x0800b948   0x0000002c   Code   RO         3457    i.xPortSysTickHandler  port.o
    0x0800b974   0x00000052   Code   RO         4027    i.xQueueGenericCreate  queue.o
    0x0800b9c6   0x00000002   PAD
    0x0800b9c8   0x0000016c   Code   RO         4028    i.xQueueGenericReceive  queue.o
    0x0800bb34   0x00000088   Code   RO         4029    i.xQueueGenericReset  queue.o
    0x0800bbbc   0x00000160   Code   RO         4030    i.xQueueGenericSend  queue.o
    0x0800bd1c   0x0000009c   Code   RO         4032    i.xQueueGiveFromISR  queue.o
    0x0800bdb8   0x0000009a   Code   RO         4036    i.xQueueReceiveFromISR  queue.o
    0x0800be52   0x00000002   PAD
    0x0800be54   0x0000006c   Code   RO         4303    i.xTaskCheckForTimeOut  tasks.o
    0x0800bec0   0x00000056   Code   RO         4304    i.xTaskCreate       tasks.o
    0x0800bf16   0x00000002   PAD
    0x0800bf18   0x0000001c   Code   RO         4308    i.xTaskGetSchedulerState  tasks.o
    0x0800bf34   0x000000c8   Code   RO         4311    i.xTaskIncrementTick  tasks.o
    0x0800bffc   0x00000098   Code   RO         4314    i.xTaskPriorityDisinherit  tasks.o
    0x0800c094   0x00000074   Code   RO         4315    i.xTaskRemoveFromEventList  tasks.o
    0x0800c108   0x000000c4   Code   RO         4317    i.xTaskResumeAll    tasks.o
    0x0800c1cc   0x0000051c   Code   RO         6999    i.zykProcessData    tasks_upper.o
    0x0800c6e8   0x00000054   Code   RO         6645    i.zykReceiveData    drivers_uartupper.o
    0x0800c73c   0x00000010   Data   RO            6    .constdata          system_stm32f4xx.o
    0x0800c74c   0x00000008   Data   RO            7    .constdata          system_stm32f4xx.o
    0x0800c754   0x00000008   Data   RO          171    .constdata          stm32f4xx_hal_dma.o
    0x0800c75c   0x00000014   Data   RO         4980    .constdata          freertos.o
    0x0800c770   0x000000f0   Data   RO         5980    .constdata          rtos_task.o
    0x0800c860   0x00000014   Data   RO         6214    .constdata          drivers_imu.o
    0x0800c874   0x00000300   Data   RO         6849    .constdata          drivers_uart_judge.o
    0x0800cb74   0x00000004   PAD
    0x0800cb78   0x00000050   Data   RO         7279    .constdata          m_wm.l(asin.o)
    0x0800cbc8   0x00000098   Data   RO         7651    .constdata          m_wm.l(atan.o)
    0x0800cc60   0x00000008   Data   RO         7686    .constdata          m_wm.l(qnan.o)
    0x0800cc68   0x00000040   Data   RO         7749    .constdata          mc_w.l(ctype_c.o)
    0x0800cca8   0x0000000c   Data   RO         4981    .conststring        freertos.o
    0x0800ccb4   0x000000a8   Data   RO         5981    .conststring        rtos_task.o
    0x0800cd5c   0x00000042   Data   RO         6744    .conststring        drivers_sonar.o
    0x0800cd9e   0x00000002   PAD
    0x0800cda0   0x00000020   Data   RO         7753    Region$$Table       anon$$obj.o


    Execution Region RW_IRAM1 (Base: 0x20000000, Size: 0x0000f2a0, Max: 0x00030000, ABSOLUTE, COMPRESSED[0x00000238])

    Base Addr    Size         Type   Attr      Idx    E Section Name        Object

    0x20000000   0x00000004   Data   RW            8    .data               system_stm32f4xx.o
    0x20000004   0x00000004   Data   RW         2639    .data               stm32f4xx_hal.o
    0x20000008   0x0000000c   Data   RW         3458    .data               port.o
    0x20000014   0x00000018   Data   RW         4214    .data               heap_4.o
    0x2000002c   0x0000003c   Data   RW         4320    .data               tasks.o
    0x20000068   0x000000db   Data   RW         4759    .data               usbd_cdc.o
    0x20000143   0x00000001   PAD
    0x20000144   0x00000038   Data   RW         4760    .data               usbd_cdc.o
    0x2000017c   0x00000001   Data   RW         4922    .data               usbd_ctlreq.o
    0x2000017d   0x00000003   PAD
    0x20000180   0x00000004   Data   RW         4982    .data               freertos.o
    0x20000184   0x00000010   Data   RW         5438    .data               usbd_cdc_if.o
    0x20000194   0x00000008   Data   RW         5439    .data               usbd_cdc_if.o
    0x2000019c   0x0000001c   Data   RW         5497    .data               usbd_desc.o
    0x200001b8   0x00000016   Data   RW         5498    .data               usbd_desc.o
    0x200001ce   0x00000002   PAD
    0x200001d0   0x00000004   Data   RW         5562    .data               can.o
    0x200001d4   0x00000001   Data   RW         5912    .data               rtos_init.o
    0x200001d5   0x00000003   PAD
    0x200001d8   0x00000028   Data   RW         5954    .data               rtos_semaphore.o
    0x20000200   0x00000030   Data   RW         5982    .data               rtos_task.o
    0x20000230   0x00000008   Data   RW         6128    .data               utilities_tim.o
    0x20000238   0x00000002   Data   RW         6165    .data               drivers_led.o
    0x2000023a   0x00000002   PAD
    0x2000023c   0x0000002a   Data   RW         6215    .data               drivers_imu.o
    0x20000266   0x00000002   Data   RW         6216    .data               drivers_imu.o
    0x20000268   0x00000003   Data   RW         6217    .data               drivers_imu.o
    0x2000026b   0x00000001   PAD
    0x2000026c   0x0000004c   Data   RW         6322    .data               drivers_buzzer.o
    0x200002b8   0x00000002   Data   RW         6406    .data               drivers_canmotor.o
    0x200002ba   0x00000003   Data   RW         6407    .data               drivers_canmotor.o
    0x200002bd   0x00000003   PAD
    0x200002c0   0x00000158   Data   RW         6408    .data               drivers_canmotor.o
    0x20000418   0x00000002   Data   RW         6409    .data               drivers_canmotor.o
    0x2000041a   0x00000003   Data   RW         6410    .data               drivers_canmotor.o
    0x2000041d   0x00000001   PAD
    0x2000041e   0x00000002   Data   RW         6411    .data               drivers_canmotor.o
    0x20000420   0x00000003   Data   RW         6412    .data               drivers_canmotor.o
    0x20000423   0x00000001   PAD
    0x20000424   0x00000002   Data   RW         6413    .data               drivers_canmotor.o
    0x20000426   0x00000003   Data   RW         6414    .data               drivers_canmotor.o
    0x20000429   0x00000001   PAD
    0x2000042a   0x00000002   Data   RW         6415    .data               drivers_canmotor.o
    0x2000042c   0x00000003   Data   RW         6416    .data               drivers_canmotor.o
    0x2000042f   0x00000001   PAD
    0x20000430   0x00000002   Data   RW         6417    .data               drivers_canmotor.o
    0x20000432   0x00000003   Data   RW         6418    .data               drivers_canmotor.o
    0x20000435   0x00000001   PAD
    0x20000436   0x00000002   Data   RW         6419    .data               drivers_canmotor.o
    0x20000438   0x00000003   Data   RW         6420    .data               drivers_canmotor.o
    0x2000043b   0x00000001   PAD
    0x2000043c   0x00000002   Data   RW         6421    .data               drivers_canmotor.o
    0x2000043e   0x00000003   Data   RW         6422    .data               drivers_canmotor.o
    0x20000441   0x00000001   PAD
    0x20000442   0x00000002   Data   RW         6423    .data               drivers_canmotor.o
    0x20000444   0x00000003   Data   RW         6424    .data               drivers_canmotor.o
    0x20000447   0x00000001   PAD
    0x20000448   0x00000002   Data   RW         6425    .data               drivers_canmotor.o
    0x2000044a   0x00000003   Data   RW         6426    .data               drivers_canmotor.o
    0x2000044d   0x00000001   PAD
    0x2000044e   0x00000002   Data   RW         6427    .data               drivers_canmotor.o
    0x20000450   0x00000003   Data   RW         6428    .data               drivers_canmotor.o
    0x20000453   0x00000001   PAD
    0x20000454   0x00000002   Data   RW         6429    .data               drivers_canmotor.o
    0x20000456   0x00000003   Data   RW         6430    .data               drivers_canmotor.o
    0x20000459   0x00000001   PAD
    0x2000045a   0x00000002   Data   RW         6431    .data               drivers_canmotor.o
    0x2000045c   0x00000054   Data   RW         6432    .data               drivers_canmotor.o
    0x200004b0   0x00000003   Data   RW         6433    .data               drivers_canmotor.o
    0x200004b3   0x00000001   PAD
    0x200004b4   0x00000002   Data   RW         6434    .data               drivers_canmotor.o
    0x200004b6   0x00000002   PAD
    0x200004b8   0x00000054   Data   RW         6435    .data               drivers_canmotor.o
    0x2000050c   0x00000003   Data   RW         6436    .data               drivers_canmotor.o
    0x2000050f   0x00000001   PAD
    0x20000510   0x00000002   Data   RW         6437    .data               drivers_canmotor.o
    0x20000512   0x00000002   PAD
    0x20000514   0x00000054   Data   RW         6438    .data               drivers_canmotor.o
    0x20000568   0x00000003   Data   RW         6439    .data               drivers_canmotor.o
    0x2000056b   0x00000001   PAD
    0x2000056c   0x00000002   Data   RW         6440    .data               drivers_canmotor.o
    0x2000056e   0x00000002   PAD
    0x20000570   0x00000054   Data   RW         6441    .data               drivers_canmotor.o
    0x200005c4   0x00000003   Data   RW         6442    .data               drivers_canmotor.o
    0x200005c7   0x00000001   PAD
    0x200005c8   0x00000002   Data   RW         6597    .data               drivers_uartrc.o
    0x200005ca   0x00000003   Data   RW         6598    .data               drivers_uartrc.o
    0x200005cd   0x00000003   PAD
    0x200005d0   0x00000014   Data   RW         6599    .data               drivers_uartrc.o
    0x200005e4   0x00000004   Data   RW         6651    .data               drivers_uartupper.o
    0x200005e8   0x00000002   Data   RW         6745    .data               drivers_sonar.o
    0x200005ea   0x00000003   Data   RW         6746    .data               drivers_sonar.o
    0x200005ed   0x00000003   PAD
    0x200005f0   0x00000084   Data   RW         6747    .data               drivers_sonar.o
    0x20000674   0x00000003   Data   RW         6851    .data               drivers_uart_judge.o
    0x20000677   0x00000001   PAD
    0x20000678   0x0000001c   Data   RW         6913    .data               tasks_motor.o
    0x20000694   0x00000002   Data   RW         7001    .data               tasks_upper.o
    0x20000696   0x00000003   Data   RW         7002    .data               tasks_upper.o
    0x20000699   0x00000003   PAD
    0x2000069c   0x00000014   Data   RW         7003    .data               tasks_upper.o
    0x200006b0   0x0000001c   Data   RW         7050    .data               application_setmotor.o
    0x200006cc   0x00000124   Data   RW         7089    .data               application_gimbalcontrol.o
    0x200007f0   0x00000120   Data   RW         7132    .data               application_chassiscontrol.o
    0x20000910   0x00000070   Data   RW         7179    .data               task_quaternion.o
    0x20000980   0x00000004   Data   RW         7334    .data               mc_w.l(strtok.o)
    0x20000984   0x00000004   Data   RW         7701    .data               mc_w.l(stdout.o)
    0x20000988   0x00000004   Data   RW         7712    .data               mc_w.l(mvars.o)
    0x2000098c   0x00000004   Data   RW         7713    .data               mc_w.l(mvars.o)
    0x20000990   0x00000004   Data   RW         7717    .data               mc_w.l(errno.o)
    0x20000994   0x0000c350   Zero   RW         4213    .bss                heap_4.o
    0x2000cce4   0x000000f0   Zero   RW         4319    .bss                tasks.o
    0x2000cdd4   0x000003f0   Zero   RW         5128    .bss                usbd_conf.o
    0x2000d1c4   0x000001a4   Zero   RW         5299    .bss                tim.o
    0x2000d368   0x00000160   Zero   RW         5379    .bss                usart.o
    0x2000d4c8   0x00000080   Zero   RW         5496    .bss                usbd_desc.o
    0x2000d548   0x00000080   Zero   RW         5561    .bss                can.o
    0x2000d5c8   0x00000224   Zero   RW         5631    .bss                usb_device.o
    0x2000d7ec   0x00000058   Zero   RW         5875    .bss                spi.o
    0x2000d844   0x00000028   Zero   RW         6212    .bss                drivers_imu.o
    0x2000d86c   0x00000024   Zero   RW         6213    .bss                drivers_imu.o
    0x2000d890   0x0000000c   Zero   RW         6392    .bss                drivers_canmotor.o
    0x2000d89c   0x0000000c   Zero   RW         6393    .bss                drivers_canmotor.o
    0x2000d8a8   0x0000000c   Zero   RW         6394    .bss                drivers_canmotor.o
    0x2000d8b4   0x0000000c   Zero   RW         6395    .bss                drivers_canmotor.o
    0x2000d8c0   0x00000012   Zero   RW         6396    .bss                drivers_canmotor.o
    0x2000d8d2   0x00000012   Zero   RW         6397    .bss                drivers_canmotor.o
    0x2000d8e4   0x0000000c   Zero   RW         6398    .bss                drivers_canmotor.o
    0x2000d8f0   0x0000000c   Zero   RW         6399    .bss                drivers_canmotor.o
    0x2000d8fc   0x0000000c   Zero   RW         6400    .bss                drivers_canmotor.o
    0x2000d908   0x0000000c   Zero   RW         6401    .bss                drivers_canmotor.o
    0x2000d914   0x0000000c   Zero   RW         6402    .bss                drivers_canmotor.o
    0x2000d920   0x0000000c   Zero   RW         6403    .bss                drivers_canmotor.o
    0x2000d92c   0x00000048   Zero   RW         6404    .bss                drivers_canmotor.o
    0x2000d974   0x00000042   Zero   RW         6595    .bss                drivers_uartrc.o
    0x2000d9b6   0x00000012   Zero   RW         6596    .bss                drivers_uartrc.o
    0x2000d9c8   0x00000400   Zero   RW         6647    .bss                drivers_uartupper.o
    0x2000ddc8   0x00000060   Zero   RW         6743    .bss                drivers_sonar.o
    0x2000de28   0x0000004f   Zero   RW         6846    .bss                drivers_uart_judge.o
    0x2000de77   0x00000001   PAD
    0x2000de78   0x00000018   Zero   RW         7000    .bss                tasks_upper.o
    0x2000de90   0x0000000c   Zero   RW         7178    .bss                task_quaternion.o
    0x2000de9c   0x00000004   PAD
    0x2000dea0   0x00001000   Zero   RW          147    HEAP                startup_stm32f427xx.o
    0x2000eea0   0x00000400   Zero   RW          146    STACK               startup_stm32f427xx.o


==============================================================================

Image component sizes


      Code (inc. data)   RO Data    RW Data    ZI Data      Debug   Object Name

       674         32          0        288          0       5236   application_chassiscontrol.o
       736         92          0        292          0       2966   application_gimbalcontrol.o
       256          0          0          0          0       1483   application_pidfunc.o
      1172        118          0         28          0       4005   application_setmotor.o
       360         40          0          4        128       2382   can.o
       336         10          0          0          0      24547   cmsis_os.o
         0          0          0          0          0      10284   croutine.o
        44          4          0          0          0        770   dma.o
       134         18          0         76          0       4557   drivers_buzzer.o
      2352        348          0        760        228      18398   drivers_canmotor.o
      1104         66         20         47         76       8311   drivers_imu.o
       160         20          0          2          0       1746   drivers_led.o
      1516         68         66        137         96       5567   drivers_sonar.o
        44         12          0          0          0       1090   drivers_uart.o
       998        214        768          3         79       6906   drivers_uart_judge.o
       252         22          0         25         84       4156   drivers_uartrc.o
       152         28          0          4       1024       3374   drivers_uartupper.o
         0          0          0          0          0       8120   event_groups.o
        72         12         32          4          0       5406   freertos.o
       644         40          0          0          0       1327   gpio.o
       456         22          0         24      50000       7191   heap_4.o
       136          0          0          0          0       3398   list.o
       294         28          0          0          0       2420   main.o
        44         10          0          0          0        601   peripheral_gpio.o
       758         84          0         12          0      11969   port.o
      1524         14          0          0          0      12105   queue.o
        60         16          0          1          0       1884   rtos_init.o
       136          4          0         40          0       2416   rtos_semaphore.o
       280          8        408         48          0       5232   rtos_task.o
       148         22          0          0         88       1617   spi.o
        36          8        428          0       5120        812   startup_stm32f427xx.o
       148         22          0          4          0       4439   stm32f4xx_hal.o
      1598         16          0          0          0       6070   stm32f4xx_hal_can.o
       218         14          0          0          0      30709   stm32f4xx_hal_cortex.o
       956         22          8          0          0       5858   stm32f4xx_hal_dma.o
       504         58          0          0          0       3474   stm32f4xx_hal_gpio.o
        88          0          0          0          0        530   stm32f4xx_hal_msp.o
      2156         72          0          0          0       9989   stm32f4xx_hal_pcd.o
        76          0          0          0          0       1712   stm32f4xx_hal_pcd_ex.o
      1392         80          0          0          0       5528   stm32f4xx_hal_rcc.o
      1478          0          0          0          0       5922   stm32f4xx_hal_spi.o
      1782         96          0          0          0      16071   stm32f4xx_hal_tim.o
       174          0          0          0          0       3170   stm32f4xx_hal_tim_ex.o
      2156         28          0          0          0      13434   stm32f4xx_hal_uart.o
       204         60          0          0          0      10821   stm32f4xx_it.o
      2420         56          0          0          0      19072   stm32f4xx_ll_usb.o
        84         18         24          4          0     750803   system_stm32f4xx.o
      1614         78          0        112         12       4275   task_quaternion.o
      2074        170          0         60        240      21577   tasks.o
         2          0          0          0          0       1573   tasks_base_patrol.o
       780         52          0         28          0       4447   tasks_motor.o
      1314        376          0         25         24       4475   tasks_upper.o
      1492        130          0          0        420       6936   tim.o
         0          0          0          0          0       1468   timers.o
       568         86          0          0        352       3720   usart.o
        56         18          0          0        548        736   usb_device.o
       542         22          0        275          0      11784   usbd_cdc.o
        68         14          0         24          0       4321   usbd_cdc_if.o
       702         16          0          0       1008      13430   usbd_conf.o
       626          0          0          0          0      15794   usbd_core.o
       986         30          0          1          0       6864   usbd_ctlreq.o
       212        116          0         50        128       4955   usbd_desc.o
       132          0          0          0          0       4244   usbd_ioreq.o
       180          6          0          0          0       1322   userprotocal.o
        24          4          0          0          0        552   utilities_debug.o
       100         56          0          0          0       1052   utilities_iopool.o
        76         22          0          8          0       2220   utilities_tim.o

    ----------------------------------------------------------------------
     41920       3098       1792       2432      59660    1173623   Object Totals
         0          0         32          0          0          0   (incl. Generated)
        60          0          6         46          5          0   (incl. Padding)

    ----------------------------------------------------------------------

      Code (inc. data)   RO Data    RW Data    ZI Data      Debug   Library Member Name

       864         94         80          0          0        280   asin.o
       744        106        152          0          0        352   atan.o
       496         64          0          0          0        192   atan2.o
        56         12          0          0          0        132   atof.o
       104         16          0          0          0        496   dunder.o
        24          0          0          0          0        124   fabs.o
        48          0          0          0          0        124   fpclassify.o
       248          0          0          0          0        152   poly.o
         0          0          8          0          0          0   qnan.o
       232          0          0          0          0        296   sqrt.o
        86          0          0          0          0          0   __dczerorl2.o
        64          0          0          0          0         84   _sgetc.o
        40          6         64          0          0         68   ctype_c.o
         0          0          0          0          0          0   entry.o
         0          0          0          0          0          0   entry10a.o
         0          0          0          0          0          0   entry11a.o
         8          4          0          0          0          0   entry2.o
         4          0          0          0          0          0   entry5.o
         0          0          0          0          0          0   entry7b.o
         0          0          0          0          0          0   entry8b.o
         8          4          0          0          0          0   entry9a.o
        24         12          0          4          0        136   errno.o
        30          0          0          0          0          0   handlers.o
        36          8          0          0          0         68   init.o
        10          0          0          0          0         68   isspace_c.o
         0          0          0          0          0          0   iusefp.o
        30          0          0          0          0         68   llshl.o
        36          0          0          0          0         68   llsshr.o
        32          0          0          0          0         68   llushr.o
       188         20          0          0          0        160   malloc.o
        36          0          0          0          0         68   memcpya.o
        36          0          0          0          0        108   memseta.o
         0          0          0          8          0          0   mvars.o
      2276         96          0          0          0        596   printfa.o
       838         12          0          0          0        216   scanf_fp.o
         0          0          0          4          0          0   stdout.o
        28          0          0          0          0         76   strcmp.o
        14          0          0          0          0         68   strlen.o
        24          0          0          0          0         76   strncpy.o
       156         14          0          0          0        120   strtod.o
        68          6          0          4          0         80   strtok.o
        44          0          0          0          0         80   uidiv.o
        98          0          0          0          0         92   uldiv.o
        48          0          0          0          0         68   cdrcmple.o
        56          0          0          0          0         88   d2f.o
       334          0          0          0          0        148   dadd.o
       222          0          0          0          0        100   ddiv.o
       186          0          0          0          0        176   depilogue.o
        62          0          0          0          0         80   dfixi.o
        48          0          0          0          0         68   dfixul.o
        34          0          0          0          0         76   dflti.o
        26          0          0          0          0         76   dfltui.o
        24          0          0          0          0         76   dfltul.o
       228          0          0          0          0         96   dmul.o
       162          0          0          0          0        100   dsqrt.o
        38          0          0          0          0         68   f2d.o
       110          0          0          0          0        168   fepilogue.o
        28          0          0          0          0         84   ffltul.o

    ----------------------------------------------------------------------
      8656        474        304         20          0       5988   Library Totals
        20          0          0          0          0          0   (incl. Padding)

    ----------------------------------------------------------------------

      Code (inc. data)   RO Data    RW Data    ZI Data      Debug   Library Name

      2816        292        240          0          0       2148   m_wm.l
      4214        182         64         20          0       2368   mc_w.l
      1606          0          0          0          0       1472   mf_w.l

    ----------------------------------------------------------------------
      8656        474        304         20          0       5988   Library Totals

    ----------------------------------------------------------------------

==============================================================================


      Code (inc. data)   RO Data    RW Data    ZI Data      Debug   

     50576       3572       2096       2452      59660    1138515   Grand Totals
     50576       3572       2096        568      59660    1138515   ELF Image Totals (compressed)
     50576       3572       2096        568          0          0   ROM Totals

==============================================================================

    Total RO  Size (Code + RO Data)                52672 (  51.44kB)
    Total RW  Size (RW Data + ZI Data)             62112 (  60.66kB)
    Total ROM Size (Code + RO Data + RW Data)      53240 (  51.99kB)

==============================================================================

